107.191.118.128 - - [17/Sep/2014:17:25:11 +0800] "GET /wp-includes/js/tinymce/skins/lightgray/content.min.css HTTP/1.1" 200 624 "-" "Mozilla/5.0 (Windows NT 6.1) AppleWebKit/537.36 (KHTML, like Gecko) Chrome/31.0.1650.63 Safari/537.36" -
107.191.118.128 - - [17/Sep/2014:17:25:11 +0800] "GET /wp-includes/js/tinymce/skins/wordpress/wp-content.css?ver=4.0 HTTP/1.1" 200 3282 "-" "Mozilla/5.0 (Windows NT 6.1) AppleWebKit/537.36 (KHTML, like Gecko) Chrome/31.0.1650.63 Safari/537.36" -
107.191.118.128 - - [17/Sep/2014:17:25:12 +0800] "GET /wp-includes/js/tinymce/skins/lightgray/fonts/tinymce.woff HTTP/1.1" 200 7664 "http://bo.moioi.com/wp-admin/post-new.php" "Mozilla/5.0 (Windows NT 6.1) AppleWebKit/537.36 (KHTML, like Gecko) Chrome/31.0.1650.63 Safari/537.36" -
183.195.233.188 - - [17/Sep/2014:17:25:16 +0800] "GET / HTTP/1.1" 200 12026 "-" "DNSPod-Monitor/2.0" -
192.241.238.132 - - [17/Sep/2014:17:25:28 +0800] "POST /wp-cron.php?doing_wp_cron=1410945927.7208640575408935546875 HTTP/1.0" 200 0 "-" "WordPress/4.0; http://bo.moioi.com" -
54.219.117.220 - - [17/Sep/2014:17:26:02 +0800] "GET /feed/ HTTP/1.1" 200 63472 "-" "Digg Feed Fetcher 1.0 (Mozilla/5.0 (Macintosh; Intel Mac OS X 10_7_1) AppleWebKit/534.48.3 (KHTML, like Gecko) Version/5.1 Safari/534.48.3)" -
107.191.118.128 - - [17/Sep/2014:17:26:04 +0800] "POST /wp-admin/admin-ajax.php HTTP/1.1" 200 58 "http://bo.moioi.com/wp-admin/post-new.php" "Mozilla/5.0 (Windows NT 6.1) AppleWebKit/537.36 (KHTML, like Gecko) Chrome/31.0.1650.63 Safari/537.36" -
112.90.82.164 - - [17/Sep/2014:17:26:05 +0800] "GET / HTTP/1.1" 200 12026 "-" "DNSPod-Monitor/2.0" -
107.191.118.128 - - [17/Sep/2014:17:26:36 +0800] "GET /wp-includes/js/tinymce/skins/wordpress/images/more.png HTTP/1.1" 200 461 "-" "Mozilla/5.0 (Windows NT 6.1) AppleWebKit/537.36 (KHTML, like Gecko) Chrome/31.0.1650.63 Safari/537.36" -
107.191.118.128 - - [17/Sep/2014:17:26:46 +0800] "GET /wp-admin/admin-ajax.php?action=ajax-tag-search&tax=post_tag&q=akcms HTTP/1.1" 200 31 "http://bo.moioi.com/wp-admin/post-new.php" "Mozilla/5.0 (Windows NT 6.1) AppleWebKit/537.36 (KHTML, like Gecko) Chrome/31.0.1650.63 Safari/537.36" -
101.226.73.30 - - [17/Sep/2014:17:26:53 +0800] "GET / HTTP/1.1" 200 12026 "-" "DNSPod-Monitor/2.0" -
107.191.118.128 - - [17/Sep/2014:17:27:04 +0800] "POST /wp-admin/post.php HTTP/1.1" 302 5 "http://bo.moioi.com/wp-admin/post-new.php" "Mozilla/5.0 (Windows NT 6.1) AppleWebKit/537.36 (KHTML, like Gecko) Chrome/31.0.1650.63 Safari/537.36" -
106.185.41.6 - - [17/Sep/2014:17:27:06 +0800] "POST /wp-cron.php?doing_wp_cron=1410946025.2101700305938720703125 HTTP/1.0" 499 0 "-" "WordPress/4.0; http://bo.moioi.com" -
107.191.118.128 - - [17/Sep/2014:17:27:06 +0800] "GET /wp-admin/post.php?post=3300&action=edit&message=6 HTTP/1.1" 200 43494 "http://bo.moioi.com/wp-admin/post-new.php" "Mozilla/5.0 (Windows NT 6.1) AppleWebKit/537.36 (KHTML, like Gecko) Chrome/31.0.1650.63 Safari/537.36" -
107.191.118.128 - - [17/Sep/2014:17:27:07 +0800] "GET /wp-content/plugins/akismet/_inc/akismet.css?ver=3.0.2 HTTP/1.1" 304 0 "http://bo.moioi.com/wp-admin/post.php?post=3300&action=edit&message=6" "Mozilla/5.0 (Windows NT 6.1) AppleWebKit/537.36 (KHTML, like Gecko) Chrome/31.0.1650.63 Safari/537.36" -
107.191.118.128 - - [17/Sep/2014:17:27:07 +0800] "GET /wp-admin/load-scripts.php?c=0&load%5B%5D=jquery-core,jquery-migrate,utils,jquery-ui-core,jquery-ui-widget,jquery-ui-mouse,jquery-ui-sortable,postbox,plupload,json2&ver=4.0 HTTP/1.1" 200 94591 "http://bo.moioi.com/wp-admin/post.php?post=3300&action=edit&message=6" "Mozilla/5.0 (Windows NT 6.1) AppleWebKit/537.36 (KHTML, like Gecko) Chrome/31.0.1650.63 Safari/537.36" -
107.191.118.128 - - [17/Sep/2014:17:27:08 +0800] "GET /wp-content/plugins/akismet/_inc/akismet.js?ver=3.0.2 HTTP/1.1" 304 0 "http://bo.moioi.com/wp-admin/post.php?post=3300&action=edit&message=6" "Mozilla/5.0 (Windows NT 6.1) AppleWebKit/537.36 (KHTML, like Gecko) Chrome/31.0.1650.63 Safari/537.36" -
107.191.118.128 - - [17/Sep/2014:17:27:12 +0800] "GET /wp-content/plugins/tablepress/admin/js/quicktags-button.min.js?ver=1.4 HTTP/1.1" 304 0 "http://bo.moioi.com/wp-admin/post.php?post=3300&action=edit&message=6" "Mozilla/5.0 (Windows NT 6.1) AppleWebKit/537.36 (KHTML, like Gecko) Chrome/31.0.1650.63 Safari/537.36" -
107.191.118.128 - - [17/Sep/2014:17:27:12 +0800] "GET /wp-content/plugins/wordpress-seo/js/jquery.qtip.min.js?ver=1.0.0-RC3 HTTP/1.1" 304 0 "http://bo.moioi.com/wp-admin/post.php?post=3300&action=edit&message=6" "Mozilla/5.0 (Windows NT 6.1) AppleWebKit/537.36 (KHTML, like Gecko) Chrome/31.0.1650.63 Safari/537.36" -
107.191.118.128 - - [17/Sep/2014:17:27:12 +0800] "GET /wp-content/plugins/wordpress-seo/js/wp-seo-admin-global.min.js?ver=1.6.1 HTTP/1.1" 304 0 "http://bo.moioi.com/wp-admin/post.php?post=3300&action=edit&message=6" "Mozilla/5.0 (Windows NT 6.1) AppleWebKit/537.36 (KHTML, like Gecko) Chrome/31.0.1650.63 Safari/537.36" -
107.191.118.128 - - [17/Sep/2014:17:27:12 +0800] "GET /wp-admin/load-scripts.php?c=0&load%5B%5D=hoverIntent,common,admin-bar,thickbox,quicktags,underscore,shortcode,media-upload,schedule,wp-ajax-response,autosave,jquery-colo&load%5B%5D=r,wp-lists,jquery-query,admin-comments,suggest,heartbeat,post,editor-expand,backbone,wp-util,wp-backbone,media-models,wp-pluploa&load%5B%5D=d,mediaelement,wp-mediaelement,media-views,media-editor,media-audiovideo,wp-playlist,mce-view,imgareaselect,image-edit,svg-paint&load%5B%5D=er,wp-auth-check,jquery-ui-position,jquery-ui-menu,jquery-ui-autocomplete,editor,wplink,wp-fullscreen&ver=4.0 HTTP/1.1" 200 148792 "http://bo.moioi.com/wp-admin/post.php?post=3300&action=edit&message=6" "Mozilla/5.0 (Windows NT 6.1) AppleWebKit/537.36 (KHTML, like Gecko) Chrome/31.0.1650.63 Safari/537.36" -
107.191.118.128 - - [17/Sep/2014:17:27:13 +0800] "GET /wp-content/plugins/codecolorer/js/quicktags.js?ver=0.9.9 HTTP/1.1" 304 0 "http://bo.moioi.com/wp-admin/post.php?post=3300&action=edit&message=6" "Mozilla/5.0 (Windows NT 6.1) AppleWebKit/537.36 (KHTML, like Gecko) Chrome/31.0.1650.63 Safari/537.36" -
107.191.118.128 - - [17/Sep/2014:17:27:13 +0800] "GET /wp-content/languages/zh_CN-word-count.js?ver=20120605 HTTP/1.1" 304 0 "http://bo.moioi.com/wp-admin/post.php?post=3300&action=edit&message=6" "Mozilla/5.0 (Windows NT 6.1) AppleWebKit/537.36 (KHTML, like Gecko) Chrome/31.0.1650.63 Safari/537.36" -
107.191.118.128 - - [17/Sep/2014:17:27:13 +0800] "GET /wp-includes/js/tinymce/tinymce.min.js?ver=4104-20140822 HTTP/1.1" 304 0 "http://bo.moioi.com/wp-admin/post.php?post=3300&action=edit&message=6" "Mozilla/5.0 (Windows NT 6.1) AppleWebKit/537.36 (KHTML, like Gecko) Chrome/31.0.1650.63 Safari/537.36" -
107.191.118.128 - - [17/Sep/2014:17:27:13 +0800] "GET /wp-content/plugins/wordpress-seo/js/wp-seo-metabox.min.js?ver=1.6.1 HTTP/1.1" 304 0 "http://bo.moioi.com/wp-admin/post.php?post=3300&action=edit&message=6" "Mozilla/5.0 (Windows NT 6.1) AppleWebKit/537.36 (KHTML, like Gecko) Chrome/31.0.1650.63 Safari/537.36" -
107.191.118.128 - - [17/Sep/2014:17:27:13 +0800] "GET /wp-content/plugins/wordpress-seo/js/wp-seo-admin-media.min.js?ver=1.6.1 HTTP/1.1" 304 0 "http://bo.moioi.com/wp-admin/post.php?post=3300&action=edit&message=6" "Mozilla/5.0 (Windows NT 6.1) AppleWebKit/537.36 (KHTML, like Gecko) Chrome/31.0.1650.63 Safari/537.36" -
107.191.118.128 - - [17/Sep/2014:17:27:13 +0800] "GET /wp-includes/js/tinymce/plugins/compat3x/plugin.min.js?ver=4104-20140822 HTTP/1.1" 304 0 "http://bo.moioi.com/wp-admin/post.php?post=3300&action=edit&message=6" "Mozilla/5.0 (Windows NT 6.1) AppleWebKit/537.36 (KHTML, like Gecko) Chrome/31.0.1650.63 Safari/537.36" -
157.55.39.149 - - [17/Sep/2014:17:27:16 +0800] "GET /robots.txt HTTP/1.1" 200 46 "-" "Mozilla/5.0 (compatible; bingbot/2.0; +http://www.bing.com/bingbot.htm)" -
107.191.118.128 - - [17/Sep/2014:17:27:18 +0800] "GET /wp-includes/js/tinymce/langs/wp-langs-en.js?ver=4104-20140822 HTTP/1.1" 304 0 "http://bo.moioi.com/wp-admin/post.php?post=3300&action=edit&message=6" "Mozilla/5.0 (Windows NT 6.1) AppleWebKit/537.36 (KHTML, like Gecko) Chrome/31.0.1650.63 Safari/537.36" -
107.191.118.128 - - [17/Sep/2014:17:27:19 +0800] "GET /wp-content/plugins/tablepress/admin/js/tinymce-button.min.js HTTP/1.1" 304 0 "http://bo.moioi.com/wp-admin/post.php?post=3300&action=edit&message=6" "Mozilla/5.0 (Windows NT 6.1) AppleWebKit/537.36 (KHTML, like Gecko) Chrome/31.0.1650.63 Safari/537.36" -
107.191.118.128 - - [17/Sep/2014:17:27:19 +0800] "GET /wp-includes/js/tinymce/plugins/hr/plugin.min.js HTTP/1.1" 304 0 "http://bo.moioi.com/wp-admin/post.php?post=3300&action=edit&message=6" "Mozilla/5.0 (Windows NT 6.1) AppleWebKit/537.36 (KHTML, like Gecko) Chrome/31.0.1650.63 Safari/537.36" -
107.191.118.128 - - [17/Sep/2014:17:27:19 +0800] "GET /wp-includes/js/tinymce/themes/modern/theme.min.js HTTP/1.1" 304 0 "http://bo.moioi.com/wp-admin/post.php?post=3300&action=edit&message=6" "Mozilla/5.0 (Windows NT 6.1) AppleWebKit/537.36 (KHTML, like Gecko) Chrome/31.0.1650.63 Safari/537.36" -
107.191.118.128 - - [17/Sep/2014:17:27:19 +0800] "GET /wp-includes/js/tinymce/plugins/charmap/plugin.min.js HTTP/1.1" 304 0 "http://bo.moioi.com/wp-admin/post.php?post=3300&action=edit&message=6" "Mozilla/5.0 (Windows NT 6.1) AppleWebKit/537.36 (KHTML, like Gecko) Chrome/31.0.1650.63 Safari/537.36" -
107.191.118.128 - - [17/Sep/2014:17:27:19 +0800] "GET /wp-includes/js/tinymce/plugins/colorpicker/plugin.min.js HTTP/1.1" 304 0 "http://bo.moioi.com/wp-admin/post.php?post=3300&action=edit&message=6" "Mozilla/5.0 (Windows NT 6.1) AppleWebKit/537.36 (KHTML, like Gecko) Chrome/31.0.1650.63 Safari/537.36" -
107.191.118.128 - - [17/Sep/2014:17:27:19 +0800] "GET /wp-admin/admin-ajax.php?action=oembed-cache&post=3300 HTTP/1.1" 200 32 "http://bo.moioi.com/wp-admin/post.php?post=3300&action=edit&message=6" "Mozilla/5.0 (Windows NT 6.1) AppleWebKit/537.36 (KHTML, like Gecko) Chrome/31.0.1650.63 Safari/537.36" -
107.191.118.128 - - [17/Sep/2014:17:27:19 +0800] "GET /wp-includes/js/tinymce/plugins/lists/plugin.min.js HTTP/1.1" 304 0 "http://bo.moioi.com/wp-admin/post.php?post=3300&action=edit&message=6" "Mozilla/5.0 (Windows NT 6.1) AppleWebKit/537.36 (KHTML, like Gecko) Chrome/31.0.1650.63 Safari/537.36" -
107.191.118.128 - - [17/Sep/2014:17:27:19 +0800] "GET /wp-includes/js/tinymce/plugins/media/plugin.min.js HTTP/1.1" 304 0 "http://bo.moioi.com/wp-admin/post.php?post=3300&action=edit&message=6" "Mozilla/5.0 (Windows NT 6.1) AppleWebKit/537.36 (KHTML, like Gecko) Chrome/31.0.1650.63 Safari/537.36" -
107.191.118.128 - - [17/Sep/2014:17:27:19 +0800] "GET /wp-includes/js/tinymce/plugins/paste/plugin.min.js HTTP/1.1" 304 0 "http://bo.moioi.com/wp-admin/post.php?post=3300&action=edit&message=6" "Mozilla/5.0 (Windows NT 6.1) AppleWebKit/537.36 (KHTML, like Gecko) Chrome/31.0.1650.63 Safari/537.36" -
107.191.118.128 - - [17/Sep/2014:17:27:19 +0800] "GET /wp-includes/js/tinymce/plugins/tabfocus/plugin.min.js HTTP/1.1" 304 0 "http://bo.moioi.com/wp-admin/post.php?post=3300&action=edit&message=6" "Mozilla/5.0 (Windows NT 6.1) AppleWebKit/537.36 (KHTML, like Gecko) Chrome/31.0.1650.63 Safari/537.36" -
107.191.118.128 - - [17/Sep/2014:17:27:20 +0800] "GET /wp-includes/js/tinymce/plugins/textcolor/plugin.min.js HTTP/1.1" 304 0 "http://bo.moioi.com/wp-admin/post.php?post=3300&action=edit&message=6" "Mozilla/5.0 (Windows NT 6.1) AppleWebKit/537.36 (KHTML, like Gecko) Chrome/31.0.1650.63 Safari/537.36" -
107.191.118.128 - - [17/Sep/2014:17:27:20 +0800] "GET /wp-includes/js/tinymce/plugins/fullscreen/plugin.min.js HTTP/1.1" 304 0 "http://bo.moioi.com/wp-admin/post.php?post=3300&action=edit&message=6" "Mozilla/5.0 (Windows NT 6.1) AppleWebKit/537.36 (KHTML, like Gecko) Chrome/31.0.1650.63 Safari/537.36" -
107.191.118.128 - - [17/Sep/2014:17:27:20 +0800] "GET /wp-includes/js/tinymce/plugins/wordpress/plugin.min.js HTTP/1.1" 304 0 "http://bo.moioi.com/wp-admin/post.php?post=3300&action=edit&message=6" "Mozilla/5.0 (Windows NT 6.1) AppleWebKit/537.36 (KHTML, like Gecko) Chrome/31.0.1650.63 Safari/537.36" -
107.191.118.128 - - [17/Sep/2014:17:27:20 +0800] "GET /wp-includes/js/tinymce/plugins/wpautoresize/plugin.min.js HTTP/1.1" 304 0 "http://bo.moioi.com/wp-admin/post.php?post=3300&action=edit&message=6" "Mozilla/5.0 (Windows NT 6.1) AppleWebKit/537.36 (KHTML, like Gecko) Chrome/31.0.1650.63 Safari/537.36" -
107.191.118.128 - - [17/Sep/2014:17:27:20 +0800] "GET /wp-includes/js/tinymce/plugins/wpeditimage/plugin.min.js HTTP/1.1" 304 0 "http://bo.moioi.com/wp-admin/post.php?post=3300&action=edit&message=6" "Mozilla/5.0 (Windows NT 6.1) AppleWebKit/537.36 (KHTML, like Gecko) Chrome/31.0.1650.63 Safari/537.36" -
107.191.118.128 - - [17/Sep/2014:17:27:20 +0800] "GET /wp-includes/js/tinymce/plugins/wpgallery/plugin.min.js HTTP/1.1" 304 0 "http://bo.moioi.com/wp-admin/post.php?post=3300&action=edit&message=6" "Mozilla/5.0 (Windows NT 6.1) AppleWebKit/537.36 (KHTML, like Gecko) Chrome/31.0.1650.63 Safari/537.36" -
107.191.118.128 - - [17/Sep/2014:17:27:20 +0800] "GET /wp-includes/js/tinymce/plugins/wplink/plugin.min.js HTTP/1.1" 304 0 "http://bo.moioi.com/wp-admin/post.php?post=3300&action=edit&message=6" "Mozilla/5.0 (Windows NT 6.1) AppleWebKit/537.36 (KHTML, like Gecko) Chrome/31.0.1650.63 Safari/537.36" -
107.191.118.128 - - [17/Sep/2014:17:27:21 +0800] "GET /wp-includes/js/tinymce/plugins/wpdialogs/plugin.min.js HTTP/1.1" 304 0 "http://bo.moioi.com/wp-admin/post.php?post=3300&action=edit&message=6" "Mozilla/5.0 (Windows NT 6.1) AppleWebKit/537.36 (KHTML, like Gecko) Chrome/31.0.1650.63 Safari/537.36" -
107.191.118.128 - - [17/Sep/2014:17:27:21 +0800] "GET /wp-includes/js/tinymce/plugins/wpview/plugin.min.js HTTP/1.1" 304 0 "http://bo.moioi.com/wp-admin/post.php?post=3300&action=edit&message=6" "Mozilla/5.0 (Windows NT 6.1) AppleWebKit/537.36 (KHTML, like Gecko) Chrome/31.0.1650.63 Safari/537.36" -
107.191.118.128 - - [17/Sep/2014:17:27:21 +0800] "GET /wp-includes/js/tinymce/plugins/wpfullscreen/plugin.min.js HTTP/1.1" 304 0 "http://bo.moioi.com/wp-admin/post.php?post=3300&action=edit&message=6" "Mozilla/5.0 (Windows NT 6.1) AppleWebKit/537.36 (KHTML, like Gecko) Chrome/31.0.1650.63 Safari/537.36" -
107.191.118.128 - - [17/Sep/2014:17:27:28 +0800] "GET / HTTP/1.1" 200 10320 "http://bo.moioi.com/wp-admin/post.php?post=3300&action=edit&message=6" "Mozilla/5.0 (Windows NT 6.1) AppleWebKit/537.36 (KHTML, like Gecko) Chrome/31.0.1650.63 Safari/537.36" -
66.249.79.83 - - [17/Sep/2014:17:27:58 +0800] "GET /wp-content/uploads/2012/02/domain-settings-cdnzz.png HTTP/1.1" 200 18186 "-" "Googlebot-Image/1.0" -
183.195.233.188 - - [17/Sep/2014:17:28:18 +0800] "GET / HTTP/1.1" 200 10299 "-" "DNSPod-Monitor/2.0" -
112.90.82.164 - - [17/Sep/2014:17:29:06 +0800] "GET / HTTP/1.1" 200 10299 "-" "DNSPod-Monitor/2.0" -
180.153.81.158 - - [17/Sep/2014:17:29:55 +0800] "GET / HTTP/1.1" 200 10299 "-" "DNSPod-Monitor/2.0" -
66.249.79.83 - - [17/Sep/2014:17:30:22 +0800] "GET /2011/moioi-com-changelog/ HTTP/1.1" 200 11341 "-" "Mozilla/5.0 (compatible; Googlebot/2.1; +http://www.google.com/bot.html)" -
183.195.233.188 - - [17/Sep/2014:17:31:18 +0800] "GET / HTTP/1.1" 200 10299 "-" "DNSPod-Monitor/2.0" -
114.112.98.133 - - [17/Sep/2014:17:31:22 +0800] "GET / HTTP/1.1" 200 51084 "-" "Nuffnang Crawler" -
217.69.133.192 - - [17/Sep/2014:17:31:39 +0800] "GET /robots.txt HTTP/1.1" 200 46 "-" "Mozilla/5.0 (compatible; Linux x86_64; Mail.RU_Bot/2.0; +http://go.mail.ru/help/robots)" -
217.69.133.31 - - [17/Sep/2014:17:31:40 +0800] "GET /tag/%E6%B7%98%E5%AE%9D%E5%AE%A2/ HTTP/1.1" 200 9937 "-" "Mozilla/5.0 (compatible; Linux x86_64; Mail.RU_Bot/2.0; +http://go.mail.ru/help/robots)" -
112.90.82.164 - - [17/Sep/2014:17:32:07 +0800] "GET / HTTP/1.1" 200 10299 "-" "DNSPod-Monitor/2.0" -
114.112.98.133 - - [17/Sep/2014:17:32:44 +0800] "GET / HTTP/1.1" 200 10299 "http://bo.moioi.com" "NN/1.1.3 (Feed Parser; http://www.nuffnang.com; Allow like Gecko) Build/20081219" -
106.185.41.6 - - [17/Sep/2014:17:32:45 +0800] "POST /wp-cron.php?doing_wp_cron=1410946364.9766159057617187500000 HTTP/1.0" 499 0 "-" "WordPress/4.0; http://bo.moioi.com" -
114.112.98.133 - - [17/Sep/2014:17:32:46 +0800] "GET /blog HTTP/1.1" 301 5 "http://bo.moioi.com/blog" "NN/1.1.3 (Feed Parser; http://www.nuffnang.com; Allow like Gecko) Build/20081219" -
114.112.98.133 - - [17/Sep/2014:17:32:46 +0800] "GET /2011/blog-comment-code/ HTTP/1.1" 200 11466 "http://bo.moioi.com/blog" "NN/1.1.3 (Feed Parser; http://www.nuffnang.com; Allow like Gecko) Build/20081219" -
106.185.41.6 - - [17/Sep/2014:17:32:47 +0800] "GET /sitemap_index.xml HTTP/1.0" 200 742 "-" "WordPress/4.0; http://bo.moioi.com" -
114.112.98.133 - - [17/Sep/2014:17:32:47 +0800] "GET /feed/ HTTP/1.1" 200 63171 "http://bo.moioi.com/feed/" "NN/1.1.3 (Feed Parser; http://www.nuffnang.com; Allow like Gecko) Build/20081219" -
66.249.79.83 - - [17/Sep/2014:17:32:49 +0800] "GET /sitemap_index.xml HTTP/1.1" 200 754 "-" "Mozilla/5.0 (compatible; Googlebot/2.1; +http://www.google.com/bot.html)" -
101.226.73.30 - - [17/Sep/2014:17:32:55 +0800] "GET / HTTP/1.1" 200 10299 "-" "DNSPod-Monitor/2.0" -
54.225.118.181 - - [17/Sep/2014:17:33:20 +0800] "GET /feed HTTP/1.1" 301 5 "-" "R6_FeedFetcher(www.radian6.com/crawler)" 142.166.3.122
54.225.118.181 - - [17/Sep/2014:17:33:21 +0800] "GET /feed/ HTTP/1.1" 200 63171 "-" "R6_FeedFetcher(www.radian6.com/crawler)" 142.166.3.122
142.166.3.122 - - [17/Sep/2014:17:33:23 +0800] "GET /2014/%E6%9C%80%E6%96%B0%E7%9A%84akcms%E7%9A%84nginx%E4%BC%AA%E9%9D%99%E6%80%81%E8%A7%84%E5%88%99/ HTTP/1.1" 200 7176 "-" "R6_CommentReader(www.radian6.com/crawler)" -
183.195.233.188 - - [17/Sep/2014:17:34:19 +0800] "GET / HTTP/1.1" 200 10299 "-" "DNSPod-Monitor/2.0" -
103.243.128.150 - - [17/Sep/2014:17:34:31 +0800] "GET /utility/convert/index.php HTTP/1.1" 404 564 "-" "Mozilla/4.0 (compatible; MSIE 6.0; Windows NT 5.0)" -
103.243.128.150 - - [17/Sep/2014:17:34:31 +0800] "GET /plus/download.php?open=1&arrs1[]=99&arrs1[]=102&arrs1[]=103&arrs1[]=95&arrs1[]=100&arrs1[]=98&arrs1[]=112&arrs1[]=114&arrs1[]=101&arrs1[]=102&arrs1[]=105&arrs1[]=120&arrs2[]=109&arrs2[]=121&arrs2[]=116&arrs2[]=97&arrs2[]=103&arrs2[]=96&arrs2[]=32&arrs2[]=40&arrs2[]=97&arrs2[]=105&arrs2[]=100&arrs2[]=44&arrs2[]=101&arrs2[]=120&arrs2[]=112&arrs2[]=98&arrs2[]=111&arrs2[]=100&arrs2[]=121&arrs2[]=44&arrs2[]=110&arrs2[]=111&arrs2[]=114&arrs2[]=109&arrs2[]=98&arrs2[]=111&arrs2[]=100&arrs2[]=121&arrs2[]=41&arrs2[]=32&arrs2[]=86&arrs2[]=65&arrs2[]=76&arrs2[]=85&arrs2[]=69&arrs2[]=83&arrs2[]=40&arrs2[]=49&arrs2[]=50&arrs2[]=51&arrs2[]=52&arrs2[]=53&arrs2[]=54&arrs2[]=44&arrs2[]=64&arrs2[]=96&arrs2[]=92&arrs2[]=39&arrs2[]=96&arrs2[]=44&arrs2[]=39&arrs2[]=123&arrs2[]=100&arrs2[]=101&arrs2[]=100&arrs2[]=101&arrs2[]=58&arrs2[]=112&arrs2[]=104&arrs2[]=112&arrs2[]=125&arrs2[]=102&arrs2[]=105&arrs2[]=108&arrs2[]=101&arrs2[]=95&arrs2[]=112&arrs2[]=117&arrs2[]=116&arrs2[]=95&arrs2[]=99&arrs2[]=111&arrs2[]=110&arrs2[]=116&arrs2[]=101&arrs2[]=110&arrs2[]=116&arrs2[]=115&arrs2[]=40&arrs2[]=39&arrs2[]=39&arrs2[]=120&arrs2[]=115&arrs2[]=118&arrs2[]=105&arrs2[]=112&arrs2[]=46&arrs2[]=112&arrs2[]=104&arrs2[]=112&arrs2[]=39&arrs2[]=39&arrs2[]=44&arrs2[]=39&arrs2[]=39&arrs2[]=60&arrs2[]=63&arrs2[]=112&arrs2[]=104&arrs2[]=112&arrs2[]=32&arrs2[]=101&arrs2[]=118&arrs2[]=97&arrs2[]=108&arrs2[]=40&arrs2[]=36&arrs2[]=95&arrs2[]=80&arrs2[]=79&arrs2[]=83&arrs2[]=84&arrs2[]=91&arrs2[]=120&arrs2[]=105&arrs2[]=110&arrs2[]=115&arrs2[]=117&arrs2[]=105&arrs2[]=93&arrs2[]=41&arrs2[]=59&arrs2[]=63&arrs2[]=62&arrs2[]=120&arrs2[]=105&arrs2[]=110&arrs2[]=115&arrs2[]=117&arrs2[]=105&arrs2[]=39&arrs2[]=39&arrs2[]=41&arrs2[]=59&arrs2[]=123&arrs2[]=47&arrs2[]=100&arrs2[]=101&arrs2[]=100&arrs2[]=101&arrs2[]=58&arrs2[]=112&arrs2[]=104&arrs2[]=112&arrs2[]=125&arrs2[]=39&arrs2[]=41&arrs2[]=32&arrs2[]=35&arrs2[]=32&arrs2[]=64&arrs2[]=96&arrs2[]=92&arrs2[]=39&arrs2[]=96 HTTP/1.1" 404 564 "-" "Mozilla/4.0 (compatible; MSIE 6.0; Windows NT 5.0)" -
103.243.128.150 - - [17/Sep/2014:17:34:31 +0800] "GET /plus/mytag_js.php?aid=123456 HTTP/1.1" 404 564 "-" "Mozilla/4.0 (compatible; MSIE 6.0; Windows NT 5.0)" -
103.243.128.150 - - [17/Sep/2014:17:34:31 +0800] "GET /plus/xsvip.php HTTP/1.1" 404 564 "-" "Mozilla/4.0 (compatible; MSIE 6.0; Windows NT 5.0)" -
112.90.82.139 - - [17/Sep/2014:17:35:07 +0800] "GET / HTTP/1.1" 200 10299 "-" "DNSPod-Monitor/2.0" -
66.249.79.91 - - [17/Sep/2014:17:35:37 +0800] "GET /2012/cpanel-wordpress-installation/ HTTP/1.1" 200 12298 "-" "Mozilla/5.0 (compatible; Googlebot/2.1; +http://www.google.com/bot.html)" -
101.226.73.30 - - [17/Sep/2014:17:35:56 +0800] "GET / HTTP/1.1" 200 10299 "-" "DNSPod-Monitor/2.0" -
66.249.79.75 - - [17/Sep/2014:17:36:59 +0800] "GET /feed HTTP/1.1" 301 5 "-" "Mozilla/5.0 (compatible; Googlebot/2.1; +http://www.google.com/bot.html)" -
66.249.79.75 - - [17/Sep/2014:17:36:59 +0800] "GET /feed/ HTTP/1.1" 200 63171 "-" "Mozilla/5.0 (compatible; Googlebot/2.1; +http://www.google.com/bot.html)" -
120.204.200.21 - - [17/Sep/2014:17:37:19 +0800] "GET / HTTP/1.1" 200 10299 "-" "DNSPod-Monitor/2.0" -
104.128.31.89 - - [17/Sep/2014:17:37:59 +0800] "GET /2011/wordpress-multiuser-network-domain-mapping-tutorials/ HTTP/1.1" 200 11303 "http://bo.moioi.com/" "Mozilla/5.0 (Macintosh; Intel Mac OS X 10_8_3) AppleWebKit/536.29.13 (KHTML, like Gecko) Version/6.0.4 Safari/536.29.13" -
112.90.82.139 - - [17/Sep/2014:17:38:08 +0800] "GET / HTTP/1.1" 200 10299 "-" "DNSPod-Monitor/2.0" -
180.153.81.158 - - [17/Sep/2014:17:38:56 +0800] "GET / HTTP/1.1" 200 10299 "-" "DNSPod-Monitor/2.0" -
68.180.225.50 - - [17/Sep/2014:17:39:31 +0800] "GET /2014/ubuntu-14-04-install-pil/ HTTP/1.1" 200 7151 "-" "Mozilla/5.0 (compatible; Yahoo! Slurp; http://help.yahoo.com/help/us/ysearch/slurp)" -
183.195.233.188 - - [17/Sep/2014:17:40:20 +0800] "GET / HTTP/1.1" 200 10299 "-" "DNSPod-Monitor/2.0" -
66.249.79.75 - - [17/Sep/2014:17:40:49 +0800] "GET /2010/wordpress-cn-en-tag-transformed/ HTTP/1.1" 200 10923 "-" "Mozilla/5.0 (compatible; Googlebot/2.1; +http://www.google.com/bot.html)" -
112.90.82.139 - - [17/Sep/2014:17:41:08 +0800] "GET / HTTP/1.1" 200 10299 "-" "DNSPod-Monitor/2.0" -
107.191.118.128 - - [17/Sep/2014:17:41:25 +0800] "GET /wp-admin/ HTTP/1.1" 499 0 "-" "Mozilla/5.0 (Windows NT 6.1) AppleWebKit/537.36 (KHTML, like Gecko) Chrome/31.0.1650.63 Safari/537.36" -
107.191.118.128 - - [17/Sep/2014:17:41:27 +0800] "GET /wp-admin/ HTTP/1.1" 200 17686 "-" "Mozilla/5.0 (Windows NT 6.1) AppleWebKit/537.36 (KHTML, like Gecko) Chrome/31.0.1650.63 Safari/537.36" -
107.191.118.128 - - [17/Sep/2014:17:41:34 +0800] "GET /wp-admin/post-new.php HTTP/1.1" 200 41641 "http://bo.moioi.com/wp-admin/" "Mozilla/5.0 (Windows NT 6.1) AppleWebKit/537.36 (KHTML, like Gecko) Chrome/31.0.1650.63 Safari/537.36" -
107.191.118.128 - - [17/Sep/2014:17:41:41 +0800] "GET /wp-admin/edit.php HTTP/1.1" 200 22558 "http://bo.moioi.com/wp-admin/post-new.php" "Mozilla/5.0 (Windows NT 6.1) AppleWebKit/537.36 (KHTML, like Gecko) Chrome/31.0.1650.63 Safari/537.36" -
107.191.118.128 - - [17/Sep/2014:17:41:50 +0800] "GET /wp-admin/edit.php?paged=26 HTTP/1.1" 200 21665 "http://bo.moioi.com/wp-admin/edit.php" "Mozilla/5.0 (Windows NT 6.1) AppleWebKit/537.36 (KHTML, like Gecko) Chrome/31.0.1650.63 Safari/537.36" -
180.153.81.158 - - [17/Sep/2014:17:41:57 +0800] "GET / HTTP/1.1" 200 10299 "-" "DNSPod-Monitor/2.0" -
107.191.118.128 - - [17/Sep/2014:17:42:08 +0800] "POST /wp-admin/admin-ajax.php HTTP/1.1" 200 58 "http://bo.moioi.com/wp-admin/edit.php?paged=26" "Mozilla/5.0 (Windows NT 6.1) AppleWebKit/537.36 (KHTML, like Gecko) Chrome/31.0.1650.63 Safari/537.36" -
107.191.118.128 - - [17/Sep/2014:17:42:08 +0800] "POST /wp-admin/admin-ajax.php HTTP/1.1" 200 157 "http://bo.moioi.com/wp-admin/post-new.php" "Mozilla/5.0 (Windows NT 6.1) AppleWebKit/537.36 (KHTML, like Gecko) Chrome/31.0.1650.63 Safari/537.36" -
107.191.118.128 - - [17/Sep/2014:17:42:09 +0800] "POST /wp-admin/admin-ajax.php HTTP/1.1" 200 430 "http://bo.moioi.com/wp-admin/post-new.php" "Mozilla/5.0 (Windows NT 6.1) AppleWebKit/537.36 (KHTML, like Gecko) Chrome/31.0.1650.63 Safari/537.36" -
107.191.118.128 - - [17/Sep/2014:17:43:08 +0800] "POST /wp-admin/admin-ajax.php HTTP/1.1" 200 58 "http://bo.moioi.com/wp-admin/post-new.php" "Mozilla/5.0 (Windows NT 6.1) AppleWebKit/537.36 (KHTML, like Gecko) Chrome/31.0.1650.63 Safari/537.36" -
183.195.233.189 - - [17/Sep/2014:17:43:19 +0800] "GET / HTTP/1.1" 200 10299 "-" "DNSPod-Monitor/2.0" -
107.191.118.128 - - [17/Sep/2014:17:44:08 +0800] "POST /wp-admin/admin-ajax.php HTTP/1.1" 200 58 "http://bo.moioi.com/wp-admin/edit.php?paged=26" "Mozilla/5.0 (Windows NT 6.1) AppleWebKit/537.36 (KHTML, like Gecko) Chrome/31.0.1650.63 Safari/537.36" -
112.90.141.121 - - [17/Sep/2014:17:44:08 +0800] "GET / HTTP/1.1" 200 10299 "-" "DNSPod-Monitor/2.0" -
107.191.118.128 - - [17/Sep/2014:17:44:09 +0800] "POST /wp-admin/admin-ajax.php HTTP/1.1" 200 157 "http://bo.moioi.com/wp-admin/post-new.php" "Mozilla/5.0 (Windows NT 6.1) AppleWebKit/537.36 (KHTML, like Gecko) Chrome/31.0.1650.63 Safari/537.36" -
198.27.106.238 - - [17/Sep/2014:17:44:18 +0800] "GET /2013/windows-software/ HTTP/1.1" 200 10957 "http://bo.moioi.com/" "Mozilla/5.0 (Macintosh; Intel Mac OS X 10_8_3) AppleWebKit/536.29.13 (KHTML, like Gecko) Version/6.0.4 Safari/536.29.13" -
198.27.106.238 - - [17/Sep/2014:17:44:18 +0800] "GET /wp-login.php?action=register HTTP/1.1" 302 5 "http://bo.moioi.com/" "Mozilla/5.0 (Macintosh; Intel Mac OS X 10_8_3) AppleWebKit/536.29.13 (KHTML, like Gecko) Version/6.0.4 Safari/536.29.13" -
198.27.106.238 - - [17/Sep/2014:17:44:19 +0800] "GET /wp-login.php?registration=disabled HTTP/1.1" 200 1212 "http://bo.moioi.com/" "Mozilla/5.0 (Macintosh; Intel Mac OS X 10_8_3) AppleWebKit/536.29.13 (KHTML, like Gecko) Version/6.0.4 Safari/536.29.13" -
72.14.199.119 - - [17/Sep/2014:17:44:28 +0800] "GET /feed HTTP/1.1" 301 5 "-" "Feedfetcher-Google; (+http://www.google.com/feedfetcher.html; 4 subscribers; feed-id=14641888196769692796)" -
72.14.199.132 - - [17/Sep/2014:17:44:29 +0800] "GET /feed/ HTTP/1.1" 200 63171 "-" "Feedfetcher-Google; (+http://www.google.com/feedfetcher.html; 4 subscribers; feed-id=14641888196769692796)" -
207.46.13.20 - - [17/Sep/2014:17:44:39 +0800] "GET /2014/centos-6-iptables/ HTTP/1.1" 200 7329 "-" "Mozilla/5.0 (compatible; bingbot/2.0; +http://www.bing.com/bingbot.htm)" -
101.226.73.30 - - [17/Sep/2014:17:44:56 +0800] "GET / HTTP/1.1" 200 10299 "-" "DNSPod-Monitor/2.0" -
107.191.118.128 - - [17/Sep/2014:17:45:08 +0800] "POST /wp-admin/admin-ajax.php HTTP/1.1" 200 58 "http://bo.moioi.com/wp-admin/post-new.php" "Mozilla/5.0 (Windows NT 6.1) AppleWebKit/537.36 (KHTML, like Gecko) Chrome/31.0.1650.63 Safari/537.36" -
107.191.118.128 - - [17/Sep/2014:17:45:31 +0800] "POST /wp-admin/admin-ajax.php HTTP/1.1" 200 58 "http://bo.moioi.com/wp-admin/edit.php?paged=26" "Mozilla/5.0 (Windows NT 6.1) AppleWebKit/537.36 (KHTML, like Gecko) Chrome/31.0.1650.63 Safari/537.36" -
107.191.118.128 - - [17/Sep/2014:17:45:46 +0800] "POST /wp-admin/admin-ajax.php HTTP/1.1" 200 58 "http://bo.moioi.com/wp-admin/edit.php?paged=26" "Mozilla/5.0 (Windows NT 6.1) AppleWebKit/537.36 (KHTML, like Gecko) Chrome/31.0.1650.63 Safari/537.36" -
107.191.118.128 - - [17/Sep/2014:17:46:01 +0800] "POST /wp-admin/admin-ajax.php HTTP/1.1" 200 58 "http://bo.moioi.com/wp-admin/edit.php?paged=26" "Mozilla/5.0 (Windows NT 6.1) AppleWebKit/537.36 (KHTML, like Gecko) Chrome/31.0.1650.63 Safari/537.36" -
66.249.79.75 - - [17/Sep/2014:17:46:04 +0800] "GET /2011/wordpress-enable-network-subdomain-nginx-rewrite-rule/ HTTP/1.1" 200 12980 "-" "Mozilla/5.0 (compatible; Googlebot/2.1; +http://www.google.com/bot.html)" -
107.191.118.128 - - [17/Sep/2014:17:46:08 +0800] "POST /wp-admin/admin-ajax.php HTTP/1.1" 200 157 "http://bo.moioi.com/wp-admin/post-new.php" "Mozilla/5.0 (Windows NT 6.1) AppleWebKit/537.36 (KHTML, like Gecko) Chrome/31.0.1650.63 Safari/537.36" -
107.191.118.128 - - [17/Sep/2014:17:46:18 +0800] "POST /wp-admin/admin-ajax.php HTTP/1.1" 200 58 "http://bo.moioi.com/wp-admin/edit.php?paged=26" "Mozilla/5.0 (Windows NT 6.1) AppleWebKit/537.36 (KHTML, like Gecko) Chrome/31.0.1650.63 Safari/537.36" -
120.204.200.21 - - [17/Sep/2014:17:46:19 +0800] "GET / HTTP/1.1" 200 10299 "-" "DNSPod-Monitor/2.0" -
207.46.13.20 - - [17/Sep/2014:17:46:29 +0800] "GET /wp-content/themes/zanblogtheme/ui/flexslider/flexslider.css?ver=2.0 HTTP/1.1" 200 1822 "-" "Mozilla/5.0 (compatible; bingbot/2.0; +http://www.bing.com/bingbot.htm)" -
207.46.13.20 - - [17/Sep/2014:17:46:30 +0800] "GET /2014/drupal-install-theme/ HTTP/1.1" 200 7752 "-" "Mozilla/5.0 (compatible; bingbot/2.0; +http://www.bing.com/bingbot.htm)" -
50.18.85.84 - - [17/Sep/2014:17:46:57 +0800] "GET /feed/ HTTP/1.1" 200 63171 "-" "Digg Feed Fetcher 1.0 (Mozilla/5.0 (Macintosh; Intel Mac OS X 10_7_1) AppleWebKit/534.48.3 (KHTML, like Gecko) Version/5.1 Safari/534.48.3)" -
112.90.141.121 - - [17/Sep/2014:17:47:07 +0800] "GET / HTTP/1.1" 200 10299 "-" "DNSPod-Monitor/2.0" -
107.191.118.128 - - [17/Sep/2014:17:47:08 +0800] "POST /wp-admin/admin-ajax.php HTTP/1.1" 200 95 "http://bo.moioi.com/wp-admin/post-new.php" "Mozilla/5.0 (Windows NT 6.1) AppleWebKit/537.36 (KHTML, like Gecko) Chrome/31.0.1650.63 Safari/537.36" -
107.191.118.128 - - [17/Sep/2014:17:47:10 +0800] "POST /wp-admin/admin-ajax.php HTTP/1.1" 200 414 "http://bo.moioi.com/wp-admin/post-new.php" "Mozilla/5.0 (Windows NT 6.1) AppleWebKit/537.36 (KHTML, like Gecko) Chrome/31.0.1650.63 Safari/537.36" -
180.153.212.45 - - [17/Sep/2014:17:47:56 +0800] "GET / HTTP/1.1" 200 10299 "-" "DNSPod-Monitor/2.0" -
107.191.118.128 - - [17/Sep/2014:17:48:08 +0800] "POST /wp-admin/admin-ajax.php HTTP/1.1" 200 157 "http://bo.moioi.com/wp-admin/post-new.php" "Mozilla/5.0 (Windows NT 6.1) AppleWebKit/537.36 (KHTML, like Gecko) Chrome/31.0.1650.63 Safari/537.36" -
107.191.118.128 - - [17/Sep/2014:17:48:11 +0800] "POST /wp-admin/post.php HTTP/1.1" 302 5 "http://bo.moioi.com/wp-admin/post-new.php" "Mozilla/5.0 (Windows NT 6.1) AppleWebKit/537.36 (KHTML, like Gecko) Chrome/31.0.1650.63 Safari/537.36" -
107.191.118.128 - - [17/Sep/2014:17:48:13 +0800] "GET /wp-admin/post.php?post=3302&action=edit&message=6 HTTP/1.1" 200 43515 "http://bo.moioi.com/wp-admin/post-new.php" "Mozilla/5.0 (Windows NT 6.1) AppleWebKit/537.36 (KHTML, like Gecko) Chrome/31.0.1650.63 Safari/537.36" -
107.191.118.128 - - [17/Sep/2014:17:48:14 +0800] "GET /wp-admin/load-scripts.php?c=0&load%5B%5D=jquery-core,jquery-migrate,utils,jquery-ui-core,jquery-ui-widget,jquery-ui-mouse,jquery-ui-sortable,postbox,plupload,json2&ver=4.0 HTTP/1.1" 200 94584 "http://bo.moioi.com/wp-admin/post.php?post=3302&action=edit&message=6" "Mozilla/5.0 (Windows NT 6.1) AppleWebKit/537.36 (KHTML, like Gecko) Chrome/31.0.1650.63 Safari/537.36" -
107.191.118.128 - - [17/Sep/2014:17:48:18 +0800] "POST /wp-admin/admin-ajax.php HTTP/1.1" 200 58 "http://bo.moioi.com/wp-admin/edit.php?paged=26" "Mozilla/5.0 (Windows NT 6.1) AppleWebKit/537.36 (KHTML, like Gecko) Chrome/31.0.1650.63 Safari/537.36" -
107.191.118.128 - - [17/Sep/2014:17:48:18 +0800] "GET /wp-admin/load-scripts.php?c=0&load%5B%5D=hoverIntent,common,admin-bar,thickbox,quicktags,underscore,shortcode,media-upload,schedule,wp-ajax-response,autosave,jquery-colo&load%5B%5D=r,wp-lists,jquery-query,admin-comments,suggest,heartbeat,post,editor-expand,backbone,wp-util,wp-backbone,media-models,wp-pluploa&load%5B%5D=d,mediaelement,wp-mediaelement,media-views,media-editor,media-audiovideo,wp-playlist,mce-view,imgareaselect,image-edit,svg-paint&load%5B%5D=er,wp-auth-check,jquery-ui-position,jquery-ui-menu,jquery-ui-autocomplete,editor,wplink,wp-fullscreen&ver=4.0 HTTP/1.1" 200 148799 "http://bo.moioi.com/wp-admin/post.php?post=3302&action=edit&message=6" "Mozilla/5.0 (Windows NT 6.1) AppleWebKit/537.36 (KHTML, like Gecko) Chrome/31.0.1650.63 Safari/537.36" -
107.191.118.128 - - [17/Sep/2014:17:48:35 +0800] "GET /wp-admin/admin-ajax.php?action=oembed-cache&post=3302 HTTP/1.1" 200 32 "http://bo.moioi.com/wp-admin/post.php?post=3302&action=edit&message=6" "Mozilla/5.0 (Windows NT 6.1) AppleWebKit/537.36 (KHTML, like Gecko) Chrome/31.0.1650.63 Safari/537.36" -
107.191.118.128 - - [17/Sep/2014:17:48:36 +0800] "POST /wp-admin/admin-ajax.php HTTP/1.1" 200 58 "http://bo.moioi.com/wp-admin/edit.php?paged=26" "Mozilla/5.0 (Windows NT 6.1) AppleWebKit/537.36 (KHTML, like Gecko) Chrome/31.0.1650.63 Safari/537.36" -
107.191.118.128 - - [17/Sep/2014:17:48:38 +0800] "GET /wp-admin/edit.php HTTP/1.1" 499 0 "http://bo.moioi.com/wp-admin/post.php?post=3302&action=edit&message=6" "Mozilla/5.0 (Windows NT 6.1) AppleWebKit/537.36 (KHTML, like Gecko) Chrome/31.0.1650.63 Safari/537.36" -
107.191.118.128 - - [17/Sep/2014:17:48:39 +0800] "GET /wp-admin/edit.php HTTP/1.1" 200 22469 "http://bo.moioi.com/wp-admin/post.php?post=3302&action=edit&message=6" "Mozilla/5.0 (Windows NT 6.1) AppleWebKit/537.36 (KHTML, like Gecko) Chrome/31.0.1650.63 Safari/537.36" -
207.46.13.20 - - [17/Sep/2014:17:48:49 +0800] "GET /wp-content/themes/zanblogtheme/ui/images/smilies/icon_neutral.gif HTTP/1.1" 200 808 "-" "Mozilla/5.0 (compatible; bingbot/2.0; +http://www.bing.com/bingbot.htm)" -
207.46.13.20 - - [17/Sep/2014:17:48:49 +0800] "GET /wp-content/themes/zanblogtheme/ui/images/smilies/icon_sad.gif HTTP/1.1" 200 795 "-" "Mozilla/5.0 (compatible; bingbot/2.0; +http://www.bing.com/bingbot.htm)" -
207.46.13.20 - - [17/Sep/2014:17:48:49 +0800] "GET /wp-content/themes/zanblogtheme/ui/images/smilies/icon_biggrin.gif HTTP/1.1" 200 2554 "-" "Mozilla/5.0 (compatible; bingbot/2.0; +http://www.bing.com/bingbot.htm)" -
207.46.13.20 - - [17/Sep/2014:17:48:49 +0800] "GET /wp-content/uploads/2014/03/install_1.png HTTP/1.1" 200 14490 "-" "Mozilla/5.0 (compatible; bingbot/2.0; +http://www.bing.com/bingbot.htm)" -
107.191.118.128 - - [17/Sep/2014:17:48:50 +0800] "GET /wp-admin/post.php?post=3302&action=edit HTTP/1.1" 200 43352 "http://bo.moioi.com/wp-admin/edit.php" "Mozilla/5.0 (Windows NT 6.1) AppleWebKit/537.36 (KHTML, like Gecko) Chrome/31.0.1650.63 Safari/537.36" -
106.185.41.6 - - [17/Sep/2014:17:49:20 +0800] "POST /wp-cron.php?doing_wp_cron=1410947359.7806129455566406250000 HTTP/1.0" 499 0 "-" "WordPress/4.0; http://bo.moioi.com" -
183.195.233.188 - - [17/Sep/2014:17:49:21 +0800] "GET / HTTP/1.1" 200 10257 "-" "DNSPod-Monitor/2.0" -
101.226.65.108 - - [17/Sep/2014:17:49:33 +0800] "GET /wp-admin/load-scripts.php?c=0&load[]=hoverIntent,common,admin-bar,thickbox,quicktags,underscore,shortcode,media-upload,schedule,wp-ajax-response,autosave,jquery-colo&load[]=r,wp-lists,jquery-query,admin-comments,suggest,heartbeat,post,editor-expand,backbone,wp-util,wp-backbone,media-models,wp-pluploa&load[]=d,mediaelement,wp-mediaelement,media-views,media-editor,media-audiovideo,wp-playlist,mce-view,imgareaselect,image-edit,svg-paint&load[]=er,wp-auth-check,jquery-ui-position,jquery-ui-menu,jquery-ui-autocomplete,editor,wplink,wp-fullscreen&ver=4.0 HTTP/1.1" 200 457582 "http://bo.moioi.com/wp-admin/post.php?post=3300&action=edit&message=6" "Mozilla/4.0" -
107.191.118.128 - - [17/Sep/2014:17:49:57 +0800] "POST /wp-admin/admin-ajax.php HTTP/1.1" 200 157 "http://bo.moioi.com/wp-admin/post.php?post=3302&action=edit" "Mozilla/5.0 (Windows NT 6.1) AppleWebKit/537.36 (KHTML, like Gecko) Chrome/31.0.1650.63 Safari/537.36" -
112.90.141.121 - - [17/Sep/2014:17:50:08 +0800] "GET / HTTP/1.1" 200 10257 "-" "DNSPod-Monitor/2.0" -
107.191.118.128 - - [17/Sep/2014:17:50:37 +0800] "POST /wp-admin/post.php HTTP/1.1" 302 5 "http://bo.moioi.com/wp-admin/post.php?post=3302&action=edit" "Mozilla/5.0 (Windows NT 6.1) AppleWebKit/537.36 (KHTML, like Gecko) Chrome/31.0.1650.63 Safari/537.36" -
106.185.41.6 - - [17/Sep/2014:17:50:44 +0800] "POST /wp-cron.php?doing_wp_cron=1410947443.5795838832855224609375 HTTP/1.0" 499 0 "-" "WordPress/4.0; http://bo.moioi.com" -
107.191.118.128 - - [17/Sep/2014:17:50:44 +0800] "GET /wp-admin/post.php?post=3302&action=edit&message=1 HTTP/1.1" 200 44054 "http://bo.moioi.com/wp-admin/post.php?post=3302&action=edit" "Mozilla/5.0 (Windows NT 6.1) AppleWebKit/537.36 (KHTML, like Gecko) Chrome/31.0.1650.63 Safari/537.36" -
107.191.118.128 - - [17/Sep/2014:17:50:54 +0800] "GET /wp-admin/admin-ajax.php?action=oembed-cache&post=3302 HTTP/1.1" 200 32 "http://bo.moioi.com/wp-admin/post.php?post=3302&action=edit&message=1" "Mozilla/5.0 (Windows NT 6.1) AppleWebKit/537.36 (KHTML, like Gecko) Chrome/31.0.1650.63 Safari/537.36" -
107.191.118.128 - - [17/Sep/2014:17:50:55 +0800] "POST /wp-admin/admin-ajax.php HTTP/1.1" 200 157 "http://bo.moioi.com/wp-admin/post.php?post=3302&action=edit&message=1" "Mozilla/5.0 (Windows NT 6.1) AppleWebKit/537.36 (KHTML, like Gecko) Chrome/31.0.1650.63 Safari/537.36" -
101.226.73.30 - - [17/Sep/2014:17:50:57 +0800] "GET / HTTP/1.1" 200 10251 "-" "DNSPod-Monitor/2.0" -
107.191.118.128 - - [17/Sep/2014:17:50:57 +0800] "POST /wp-admin/admin-ajax.php HTTP/1.1" 200 32 "http://bo.moioi.com/wp-admin/post.php?post=3302&action=edit&message=1" "Mozilla/5.0 (Windows NT 6.1) AppleWebKit/537.36 (KHTML, like Gecko) Chrome/31.0.1650.63 Safari/537.36" -
66.249.79.83 - - [17/Sep/2014:17:51:15 +0800] "GET /tag/%E5%BC%80%E5%BF%83%E7%BD%91/ HTTP/1.1" 200 11257 "-" "Mozilla/5.0 (compatible; Googlebot/2.1; +http://www.google.com/bot.html)" -
123.150.182.175 - - [17/Sep/2014:17:51:33 +0800] "GET /wp-content/uploads/2011/02/16_100510112058_1.jpg HTTP/1.1" 200 24470 "http://cn.bing.com/images/search?q=%e7%94%b5%e5%8a%a8%e8%bd%a6%e5%bc%80%e9%94%81%e6%95%99%e7%a8%8b%e5%9b%be%e7%89%87&view=detail&id=5FFBFFA1648AA2BAC589C7038F90EA933CEA220D&first=21" "UCWEB/2.0 (Linux; U; Android 4.0.4; zh-CN; Lenovo A390) U2/1.0.0 UCBrowser/9.9.3.478 U2/1.0.0 Mobile" 117.136.1.68
183.195.233.189 - - [17/Sep/2014:17:52:19 +0800] "GET / HTTP/1.1" 200 10251 "-" "DNSPod-Monitor/2.0" -
65.19.138.33 - - [17/Sep/2014:17:52:27 +0800] "GET /feed/ HTTP/1.1" 200 60799 "-" "Feedly/1.0 (+http://www.feedly.com/fetcher.html; like FeedFetcher-Google)" -
112.90.82.164 - - [17/Sep/2014:17:53:07 +0800] "GET / HTTP/1.1" 200 10251 "-" "DNSPod-Monitor/2.0" -
42.156.139.16 - - [17/Sep/2014:17:53:12 +0800] "GET /2012/hebi-zhongxin/ HTTP/1.1" 200 11811 "-" "Mozilla/5.0 (Linux; U; Android 4.0.2; en-us; Galaxy Nexus Build/ICL53F) AppleWebKit/534.30 (KHTML, like Gecko) Version/4.0 Mobile Safari/534.30" -
106.185.41.6 - - [17/Sep/2014:17:53:18 +0800] "POST /wp-cron.php?doing_wp_cron=1410947597.9039280414581298828125 HTTP/1.0" 499 0 "-" "WordPress/4.0; http://bo.moioi.com" -
180.153.206.36 - - [17/Sep/2014:17:53:19 +0800] "GET /wp-admin/post-new.php HTTP/1.1" 302 5 "http://bo.moioi.com/wp-admin/edit.php" "Mozilla/4.0" -
106.185.41.6 - - [17/Sep/2014:17:53:19 +0800] "GET /sitemap_index.xml HTTP/1.0" 200 742 "-" "WordPress/4.0; http://bo.moioi.com" -
180.153.206.36 - - [17/Sep/2014:17:53:19 +0800] "GET /wp-login.php?redirect_to=http%3A%2F%2Fbo.moioi.com%2Fwp-admin%2Fpost-new.php&reauth=1 HTTP/1.1" 200 2530 "http://bo.moioi.com/wp-admin/edit.php" "Mozilla/4.0" -
66.249.79.83 - - [17/Sep/2014:17:53:20 +0800] "GET /sitemap_index.xml HTTP/1.1" 200 754 "-" "Mozilla/5.0 (compatible; Googlebot/2.1; +http://www.google.com/bot.html)" -
101.226.73.30 - - [17/Sep/2014:17:53:56 +0800] "GET / HTTP/1.1" 200 10251 "-" "DNSPod-Monitor/2.0" -
180.153.214.190 - - [17/Sep/2014:17:54:59 +0800] "GET /wp-admin/load-styles.php?c=0&dir=ltr&load=dashicons,admin-bar,wp-admin,buttons,media-views,wp-auth-check&ver=4.0 HTTP/1.1" 200 325704 "http://bo.moioi.com/wp-admin/post-new.php" "Mozilla/4.0" -
183.195.233.188 - - [17/Sep/2014:17:55:18 +0800] "GET / HTTP/1.1" 200 10251 "-" "DNSPod-Monitor/2.0" -
112.90.82.139 - - [17/Sep/2014:17:56:07 +0800] "GET / HTTP/1.1" 200 10251 "-" "DNSPod-Monitor/2.0" -
66.249.79.91 - - [17/Sep/2014:17:56:28 +0800] "GET /2011/maianhuatang-challenge/ HTTP/1.1" 200 11873 "-" "Mozilla/5.0 (compatible; Googlebot/2.1; +http://www.google.com/bot.html)" -
180.153.81.158 - - [17/Sep/2014:17:56:55 +0800] "GET / HTTP/1.1" 200 10251 "-" "DNSPod-Monitor/2.0" -
207.46.13.20 - - [17/Sep/2014:17:57:01 +0800] "GET /2011/wordpress-windows-permanent-links/ HTTP/1.1" 200 12248 "-" "Mozilla/5.0 (compatible; bingbot/2.0; +http://www.bing.com/bingbot.htm)" -
61.182.94.234 - - [17/Sep/2014:17:57:18 +0800] "GET /2012/printer-lack-inf-file/ HTTP/1.1" 200 14019 "http://www.so.com/s?psid=4842646dfb4219d114d4d82f1bca2f2b&q=lj1020+dll%E7%BC%BA%E5%A4%B1%E6%96%87%E4%BB%B6&pq=lj1020+dll&src=srp&fr=lm" "Mozilla/4.0 (compatible; MSIE 8.0; Windows NT 5.1; Trident/4.0; .NET CLR 2.0.50727; .NET4.0C; .NET4.0E)" -
61.182.94.234 - - [17/Sep/2014:17:57:18 +0800] "GET /wp-content/themes/k2child-theme/style.css HTTP/1.1" 200 565 "http://bo.moioi.com/2012/printer-lack-inf-file/" "Mozilla/4.0 (compatible; MSIE 8.0; Windows NT 5.1; Trident/4.0; .NET CLR 2.0.50727; .NET4.0C; .NET4.0E)" -
61.182.94.234 - - [17/Sep/2014:17:57:18 +0800] "GET /wp-content/themes/k2/style.css HTTP/1.1" 200 8663 "http://bo.moioi.com/2012/printer-lack-inf-file/" "Mozilla/4.0 (compatible; MSIE 8.0; Windows NT 5.1; Trident/4.0; .NET CLR 2.0.50727; .NET4.0C; .NET4.0E)" -
61.182.94.234 - - [17/Sep/2014:17:57:18 +0800] "GET /wp-includes/js/jquery/jquery-migrate.min.js?ver=1.2.1 HTTP/1.1" 200 7200 "http://bo.moioi.com/2012/printer-lack-inf-file/" "Mozilla/4.0 (compatible; MSIE 8.0; Windows NT 5.1; Trident/4.0; .NET CLR 2.0.50727; .NET4.0C; .NET4.0E)" -
61.182.94.234 - - [17/Sep/2014:17:57:18 +0800] "GET /wp-content/themes/k2/js/k2.functions.js?ver=1.0 HTTP/1.1" 200 4765 "http://bo.moioi.com/2012/printer-lack-inf-file/" "Mozilla/4.0 (compatible; MSIE 8.0; Windows NT 5.1; Trident/4.0; .NET CLR 2.0.50727; .NET4.0C; .NET4.0E)" -
61.182.94.234 - - [17/Sep/2014:17:57:18 +0800] "GET /wp-content/plugins/codecolorer/codecolorer.css?ver=0.9.9 HTTP/1.1" 200 2325 "http://bo.moioi.com/2012/printer-lack-inf-file/" "Mozilla/4.0 (compatible; MSIE 8.0; Windows NT 5.1; Trident/4.0; .NET CLR 2.0.50727; .NET4.0C; .NET4.0E)" -
61.182.94.234 - - [17/Sep/2014:17:57:18 +0800] "GET /wp-includes/js/comment-reply.min.js?ver=3.7.1 HTTP/1.1" 200 757 "http://bo.moioi.com/2012/printer-lack-inf-file/" "Mozilla/4.0 (compatible; MSIE 8.0; Windows NT 5.1; Trident/4.0; .NET CLR 2.0.50727; .NET4.0C; .NET4.0E)" -
61.182.94.234 - - [17/Sep/2014:17:57:19 +0800] "GET /wp-includes/js/jquery/jquery.js?ver=1.10.2 HTTP/1.1" 200 95807 "http://bo.moioi.com/2012/printer-lack-inf-file/" "Mozilla/4.0 (compatible; MSIE 8.0; Windows NT 5.1; Trident/4.0; .NET CLR 2.0.50727; .NET4.0C; .NET4.0E)" -
61.182.94.234 - - [17/Sep/2014:17:57:24 +0800] "GET /wp-content/plugins/wordpress-23-related-posts-plugin/static/thumbs/9.jpg HTTP/1.1" 200 580 "http://bo.moioi.com/2012/printer-lack-inf-file/" "Mozilla/4.0 (compatible; MSIE 8.0; Windows NT 5.1; Trident/4.0; .NET CLR 2.0.50727; .NET4.0C; .NET4.0E)" -
61.182.94.234 - - [17/Sep/2014:17:57:24 +0800] "GET /wp-content/plugins/wordpress-23-related-posts-plugin/static/thumbs/0.jpg HTTP/1.1" 200 7537 "http://bo.moioi.com/2012/printer-lack-inf-file/" "Mozilla/4.0 (compatible; MSIE 8.0; Windows NT 5.1; Trident/4.0; .NET CLR 2.0.50727; .NET4.0C; .NET4.0E)" -
61.182.94.234 - - [17/Sep/2014:17:57:24 +0800] "GET /wp-content/plugins/wordpress-23-related-posts-plugin/static/thumbs/10.jpg HTTP/1.1" 200 2638 "http://bo.moioi.com/2012/printer-lack-inf-file/" "Mozilla/4.0 (compatible; MSIE 8.0; Windows NT 5.1; Trident/4.0; .NET CLR 2.0.50727; .NET4.0C; .NET4.0E)" -
61.182.94.234 - - [17/Sep/2014:17:57:24 +0800] "GET /wp-content/plugins/wordpress-23-related-posts-plugin/static/thumbs/12.jpg HTTP/1.1" 200 1943 "http://bo.moioi.com/2012/printer-lack-inf-file/" "Mozilla/4.0 (compatible; MSIE 8.0; Windows NT 5.1; Trident/4.0; .NET CLR 2.0.50727; .NET4.0C; .NET4.0E)" -
61.182.94.234 - - [17/Sep/2014:17:57:24 +0800] "GET /wp-content/plugins/wp-postviews/postviews-cache.js?ver=1.64 HTTP/1.1" 200 133 "http://bo.moioi.com/2012/printer-lack-inf-file/" "Mozilla/4.0 (compatible; MSIE 8.0; Windows NT 5.1; Trident/4.0; .NET CLR 2.0.50727; .NET4.0C; .NET4.0E)" -
61.182.94.234 - - [17/Sep/2014:17:57:24 +0800] "GET /wp-content/themes/k2/js/k2.slider.js?ver=1.0 HTTP/1.1" 200 3531 "http://bo.moioi.com/2012/printer-lack-inf-file/" "Mozilla/4.0 (compatible; MSIE 8.0; Windows NT 5.1; Trident/4.0; .NET CLR 2.0.50727; .NET4.0C; .NET4.0E)" -
61.182.94.234 - - [17/Sep/2014:17:57:24 +0800] "GET /wp-content/themes/k2/js/k2.trimmer.js?ver=1.0 HTTP/1.1" 200 2260 "http://bo.moioi.com/2012/printer-lack-inf-file/" "Mozilla/4.0 (compatible; MSIE 8.0; Windows NT 5.1; Trident/4.0; .NET CLR 2.0.50727; .NET4.0C; .NET4.0E)" -
61.182.94.234 - - [17/Sep/2014:17:57:24 +0800] "GET /wp-content/themes/k2/js/k2.rollingarchives.js?ver=1.0 HTTP/1.1" 200 3573 "http://bo.moioi.com/2012/printer-lack-inf-file/" "Mozilla/4.0 (compatible; MSIE 8.0; Windows NT 5.1; Trident/4.0; .NET CLR 2.0.50727; .NET4.0C; .NET4.0E)" -
61.182.94.234 - - [17/Sep/2014:17:57:24 +0800] "GET /wp-content/themes/k2/js/k2.livesearch.js?ver=1.0 HTTP/1.1" 200 3011 "http://bo.moioi.com/2012/printer-lack-inf-file/" "Mozilla/4.0 (compatible; MSIE 8.0; Windows NT 5.1; Trident/4.0; .NET CLR 2.0.50727; .NET4.0C; .NET4.0E)" -
72.14.199.119 - - [17/Sep/2014:17:57:25 +0800] "GET /2012/printer-lack-inf-file/ HTTP/1.1" 200 14019 "-" "Mediapartners-Google" -
72.14.199.119 - - [17/Sep/2014:17:57:25 +0800] "GET /2012/printer-lack-inf-file/ HTTP/1.1" 200 14019 "-" "Mediapartners-Google" -
61.182.94.234 - - [17/Sep/2014:17:57:25 +0800] "GET /wp-admin/admin-ajax.php?postviews_id=2208&action=postviews&_=1410947588328 HTTP/1.1" 200 35 "http://bo.moioi.com/2012/printer-lack-inf-file/" "Mozilla/4.0 (compatible; MSIE 8.0; Windows NT 5.1; Trident/4.0; .NET CLR 2.0.50727; .NET4.0C; .NET4.0E)" -
61.182.94.234 - - [17/Sep/2014:17:57:26 +0800] "GET /wp-content/uploads/2011/04/maillist.png HTTP/1.1" 200 17224 "http://bo.moioi.com/2012/printer-lack-inf-file/" "Mozilla/4.0 (compatible; MSIE 8.0; Windows NT 5.1; Trident/4.0; .NET CLR 2.0.50727; .NET4.0C; .NET4.0E)" -
175.22.132.52 - - [17/Sep/2014:17:57:39 +0800] "GET / HTTP/1.1" 200 10251 "-" "Mozilla/4.0 (compatible; MSIE 7.0; Windows NT 6.1; WOW64; Trident/5.0; SLCC2; .NET CLR 2.0.50727; .NET CLR 3.5.30729; .NET CLR 3.0.30729; Media Center PC 6.0; .NET4.0C; .NET4.0E)" -
66.249.79.83 - - [17/Sep/2014:17:57:57 +0800] "GET /wp-content/uploads/2011/09/10_most_popular_wp_plugins.jpg HTTP/1.1" 200 112453 "-" "Googlebot-Image/1.0" -
183.195.233.188 - - [17/Sep/2014:17:58:19 +0800] "GET / HTTP/1.1" 200 10251 "-" "DNSPod-Monitor/2.0" -
112.90.141.121 - - [17/Sep/2014:17:59:07 +0800] "GET / HTTP/1.1" 200 10251 "-" "DNSPod-Monitor/2.0" -
180.153.81.158 - - [17/Sep/2014:17:59:56 +0800] "GET / HTTP/1.1" 200 10251 "-" "DNSPod-Monitor/2.0" -
183.195.233.189 - - [17/Sep/2014:18:01:20 +0800] "GET / HTTP/1.1" 200 10251 "-" "DNSPod-Monitor/2.0" -
66.249.79.75 - - [17/Sep/2014:18:01:22 +0800] "GET /wp-content/themes/k2child-theme/style.css HTTP/1.1" 200 565 "http://bo.moioi.com/2011/maianhuatang-challenge/" "Mozilla/5.0 (compatible; Googlebot/2.1; +http://www.google.com/bot.html)" -
66.249.79.75 - - [17/Sep/2014:18:01:23 +0800] "GET /wp-content/themes/k2/style.css HTTP/1.1" 200 8663 "http://bo.moioi.com/2011/maianhuatang-challenge/" "Mozilla/5.0 (compatible; Googlebot/2.1; +http://www.google.com/bot.html)" -
157.55.39.218 - - [17/Sep/2014:18:01:23 +0800] "GET /wp-content/themes/zanblogtheme/ui/images/smilies/icon_cool.gif HTTP/1.1" 200 534 "-" "Mozilla/5.0 (compatible; bingbot/2.0; +http://www.bing.com/bingbot.htm)" -
157.55.39.218 - - [17/Sep/2014:18:01:24 +0800] "GET /tag/google-webmaster-tools/feed/ HTTP/1.1" 200 2974 "-" "Mozilla/5.0 (compatible; bingbot/2.0; +http://www.bing.com/bingbot.htm)" -
157.55.39.218 - - [17/Sep/2014:18:01:24 +0800] "GET /2012/android-apps-must-have/ HTTP/1.1" 200 11857 "-" "Mozilla/5.0 (compatible; bingbot/2.0; +http://www.bing.com/bingbot.htm)" -
157.55.39.218 - - [17/Sep/2014:18:01:24 +0800] "GET /wp-content/themes/zanblogtheme/ui/images/smilies/icon_cry.gif HTTP/1.1" 200 2112 "-" "Mozilla/5.0 (compatible; bingbot/2.0; +http://www.bing.com/bingbot.htm)" -
157.55.39.218 - - [17/Sep/2014:18:01:24 +0800] "GET /2008/algorithm-kaifa HTTP/1.1" 301 5 "-" "Mozilla/5.0 (compatible; bingbot/2.0; +http://www.bing.com/bingbot.htm)" -
157.55.39.218 - - [17/Sep/2014:18:01:25 +0800] "GET /tag/aptana-studio-3 HTTP/1.1" 301 5 "-" "Mozilla/5.0 (compatible; bingbot/2.0; +http://www.bing.com/bingbot.htm)" -
157.55.39.218 - - [17/Sep/2014:18:01:25 +0800] "GET /460 HTTP/1.1" 404 2747 "-" "Mozilla/5.0 (compatible; bingbot/2.0; +http://www.bing.com/bingbot.htm)" -
157.55.39.218 - - [17/Sep/2014:18:01:25 +0800] "GET /2011/1100/ HTTP/1.1" 404 2741 "-" "Mozilla/5.0 (compatible; bingbot/2.0; +http://www.bing.com/bingbot.htm)" -
157.55.39.218 - - [17/Sep/2014:18:01:26 +0800] "GET /2009/wordpress-query-post HTTP/1.1" 301 5 "-" "Mozilla/5.0 (compatible; bingbot/2.0; +http://www.bing.com/bingbot.htm)" -
157.55.39.218 - - [17/Sep/2014:18:01:26 +0800] "GET /2009/perfect-mobile-phone HTTP/1.1" 301 5 "-" "Mozilla/5.0 (compatible; bingbot/2.0; +http://www.bing.com/bingbot.htm)" -
157.55.39.218 - - [17/Sep/2014:18:01:27 +0800] "GET /2009/luo-yong-hao-yanjiang HTTP/1.1" 301 5 "-" "Mozilla/5.0 (compatible; bingbot/2.0; +http://www.bing.com/bingbot.htm)" -
66.249.79.75 - - [17/Sep/2014:18:01:41 +0800] "GET /2012/u8860-gms/ HTTP/1.1" 200 11911 "-" "Mozilla/5.0 (compatible; Googlebot/2.1; +http://www.google.com/bot.html)" -
180.153.163.210 - - [17/Sep/2014:18:01:59 +0800] "GET /wp-admin/post.php?post=3300&action=edit&message=6 HTTP/1.1" 302 5 "http://bo.moioi.com/wp-admin/post-new.php" "Mozilla/4.0" -
180.153.163.210 - - [17/Sep/2014:18:02:00 +0800] "GET /wp-login.php?redirect_to=http%3A%2F%2Fbo.moioi.com%2Fwp-admin%2Fpost.php%3Fpost%3D3300%26action%3Dedit%26message%3D6&reauth=1 HTTP/1.1" 200 2566 "http://bo.moioi.com/wp-admin/post-new.php" "Mozilla/4.0" -
112.90.82.139 - - [17/Sep/2014:18:02:08 +0800] "GET / HTTP/1.1" 200 10251 "-" "DNSPod-Monitor/2.0" -
