182.115.105.203 - - [17/Sep/2014:21:11:54 +0800] "GET /wp-includes/js/mediaelement/mediaelementplayer.min.css?ver=2.15.0 HTTP/1.1" 200 3610 "http://bo.moioi.com/wp-admin/post-new.php" "Mozilla/5.0 (Windows NT 6.1; WOW64) AppleWebKit/537.36 (KHTML, like Gecko) Chrome/37.0.2062.120 Safari/537.36" -
182.115.105.203 - - [17/Sep/2014:21:11:54 +0800] "GET /wp-includes/js/mediaelement/wp-mediaelement.css?ver=4.0 HTTP/1.1" 200 1328 "http://bo.moioi.com/wp-admin/post-new.php" "Mozilla/5.0 (Windows NT 6.1; WOW64) AppleWebKit/537.36 (KHTML, like Gecko) Chrome/37.0.2062.120 Safari/537.36" -
182.115.105.203 - - [17/Sep/2014:21:11:54 +0800] "GET /wp-includes/js/imgareaselect/imgareaselect.css?ver=0.9.8 HTTP/1.1" 200 790 "http://bo.moioi.com/wp-admin/post-new.php" "Mozilla/5.0 (Windows NT 6.1; WOW64) AppleWebKit/537.36 (KHTML, like Gecko) Chrome/37.0.2062.120 Safari/537.36" -
182.115.105.203 - - [17/Sep/2014:21:11:54 +0800] "GET /wp-content/plugins/wordpress-seo/css/metabox-tabs.min.css?ver=1.6.1 HTTP/1.1" 200 1219 "http://bo.moioi.com/wp-admin/post-new.php" "Mozilla/5.0 (Windows NT 6.1; WOW64) AppleWebKit/537.36 (KHTML, like Gecko) Chrome/37.0.2062.120 Safari/537.36" -
182.115.105.203 - - [17/Sep/2014:21:11:54 +0800] "GET /wp-content/plugins/wordpress-seo/css/metabox-classic.min.css?ver=1.6.1 HTTP/1.1" 200 273 "http://bo.moioi.com/wp-admin/post-new.php" "Mozilla/5.0 (Windows NT 6.1; WOW64) AppleWebKit/537.36 (KHTML, like Gecko) Chrome/37.0.2062.120 Safari/537.36" -
182.115.105.203 - - [17/Sep/2014:21:11:54 +0800] "GET /wp-content/plugins/tablepress/admin/js/quicktags-button.min.js?ver=1.4 HTTP/1.1" 200 572 "http://bo.moioi.com/wp-admin/post-new.php" "Mozilla/5.0 (Windows NT 6.1; WOW64) AppleWebKit/537.36 (KHTML, like Gecko) Chrome/37.0.2062.120 Safari/537.36" -
182.115.105.203 - - [17/Sep/2014:21:11:54 +0800] "GET /wp-admin/load-styles.php?c=0&dir=ltr&load=dashicons,admin-bar,wp-admin,buttons,media-views,wp-auth-check&ver=4.0 HTTP/1.1" 200 92725 "http://bo.moioi.com/wp-admin/post-new.php" "Mozilla/5.0 (Windows NT 6.1; WOW64) AppleWebKit/537.36 (KHTML, like Gecko) Chrome/37.0.2062.120 Safari/537.36" -
182.115.105.203 - - [17/Sep/2014:21:11:54 +0800] "GET /wp-content/plugins/wordpress-seo/js/wp-seo-metabox.min.js?ver=1.6.1 HTTP/1.1" 200 12705 "http://bo.moioi.com/wp-admin/post-new.php" "Mozilla/5.0 (Windows NT 6.1; WOW64) AppleWebKit/537.36 (KHTML, like Gecko) Chrome/37.0.2062.120 Safari/537.36" -
182.115.105.203 - - [17/Sep/2014:21:11:55 +0800] "GET /wp-content/plugins/wordpress-seo/js/wp-seo-admin-media.min.js?ver=1.6.1 HTTP/1.1" 200 451 "http://bo.moioi.com/wp-admin/post-new.php" "Mozilla/5.0 (Windows NT 6.1; WOW64) AppleWebKit/537.36 (KHTML, like Gecko) Chrome/37.0.2062.120 Safari/537.36" -
182.115.105.203 - - [17/Sep/2014:21:11:55 +0800] "GET /wp-content/plugins/wordpress-seo/js/jquery.qtip.min.js?ver=1.0.0-RC3 HTTP/1.1" 200 38411 "http://bo.moioi.com/wp-admin/post-new.php" "Mozilla/5.0 (Windows NT 6.1; WOW64) AppleWebKit/537.36 (KHTML, like Gecko) Chrome/37.0.2062.120 Safari/537.36" -
182.115.105.203 - - [17/Sep/2014:21:11:55 +0800] "GET /wp-includes/js/tinymce/plugins/compat3x/plugin.min.js?ver=4104-20140822 HTTP/1.1" 200 3987 "http://bo.moioi.com/wp-admin/post-new.php" "Mozilla/5.0 (Windows NT 6.1; WOW64) AppleWebKit/537.36 (KHTML, like Gecko) Chrome/37.0.2062.120 Safari/537.36" -
182.115.105.203 - - [17/Sep/2014:21:11:55 +0800] "GET /wp-includes/js/tinymce/langs/wp-langs-en.js?ver=4104-20140822 HTTP/1.1" 200 15599 "http://bo.moioi.com/wp-admin/post-new.php" "Mozilla/5.0 (Windows NT 6.1; WOW64) AppleWebKit/537.36 (KHTML, like Gecko) Chrome/37.0.2062.120 Safari/537.36" -
182.115.105.203 - - [17/Sep/2014:21:11:55 +0800] "GET /wp-admin/load-scripts.php?c=0&load%5B%5D=jquery-core,jquery-migrate,utils,plupload,json2&ver=4.0 HTTP/1.1" 200 81535 "http://bo.moioi.com/wp-admin/post-new.php" "Mozilla/5.0 (Windows NT 6.1; WOW64) AppleWebKit/537.36 (KHTML, like Gecko) Chrome/37.0.2062.120 Safari/537.36" -
182.115.105.203 - - [17/Sep/2014:21:11:55 +0800] "GET /wp-content/plugins/wordpress-seo/images/question-mark.png HTTP/1.1" 200 299 "http://bo.moioi.com/wp-admin/post-new.php" "Mozilla/5.0 (Windows NT 6.1; WOW64) AppleWebKit/537.36 (KHTML, like Gecko) Chrome/37.0.2062.120 Safari/537.36" -
182.115.105.203 - - [17/Sep/2014:21:11:55 +0800] "GET /wp-admin/load-scripts.php?c=0&load%5B%5D=hoverIntent,common,admin-bar,thickbox,quicktags,underscore,shortcode,media-upload,schedule,wp-ajax-response,autosave,suggest,jqu&load%5B%5D=ery-color,wp-lists,jquery-ui-core,jquery-ui-widget,jquery-ui-mouse,jquery-ui-sortable,postbox,heartbeat,post,editor-expand,backb&load%5B%5D=one,wp-util,wp-backbone,media-models,wp-plupload,mediaelement,wp-mediaelement,media-views,media-editor,media-audiovideo,wp-playl&load%5B%5D=ist,mce-view,imgareaselect,image-edit,svg-painter,wp-auth-check,jquery-ui-position,jquery-ui-menu,jquery-ui-autocomplete,editor,&load%5B%5D=wplink,wp-fullscreen&ver=4.0 HTTP/1.1" 200 156472 "http://bo.moioi.com/wp-admin/post-new.php" "Mozilla/5.0 (Windows NT 6.1; WOW64) AppleWebKit/537.36 (KHTML, like Gecko) Chrome/37.0.2062.120 Safari/537.36" -
182.115.105.203 - - [17/Sep/2014:21:11:56 +0800] "GET /wp-admin/images/resize.gif HTTP/1.1" 200 71 "http://bo.moioi.com/wp-admin/load-styles.php?c=0&dir=ltr&load=dashicons,admin-bar,wp-admin,buttons,media-views,wp-auth-check&ver=4.0" "Mozilla/5.0 (Windows NT 6.1; WOW64) AppleWebKit/537.36 (KHTML, like Gecko) Chrome/37.0.2062.120 Safari/537.36" -
182.115.105.203 - - [17/Sep/2014:21:11:56 +0800] "GET /wp-includes/js/tinymce/tinymce.min.js?ver=4104-20140822 HTTP/1.1" 200 301201 "http://bo.moioi.com/wp-admin/post-new.php" "Mozilla/5.0 (Windows NT 6.1; WOW64) AppleWebKit/537.36 (KHTML, like Gecko) Chrome/37.0.2062.120 Safari/537.36" -
182.115.105.203 - - [17/Sep/2014:21:11:57 +0800] "GET /wp-content/plugins/tablepress/admin/js/tinymce-button.min.js HTTP/1.1" 200 466 "http://bo.moioi.com/wp-admin/post-new.php" "Mozilla/5.0 (Windows NT 6.1; WOW64) AppleWebKit/537.36 (KHTML, like Gecko) Chrome/37.0.2062.120 Safari/537.36" -
182.115.105.203 - - [17/Sep/2014:21:11:57 +0800] "GET /wp-includes/js/tinymce/themes/modern/theme.min.js HTTP/1.1" 200 6419 "http://bo.moioi.com/wp-admin/post-new.php" "Mozilla/5.0 (Windows NT 6.1; WOW64) AppleWebKit/537.36 (KHTML, like Gecko) Chrome/37.0.2062.120 Safari/537.36" -
182.115.105.203 - - [17/Sep/2014:21:11:57 +0800] "GET /wp-includes/js/tinymce/plugins/charmap/plugin.min.js HTTP/1.1" 200 7017 "http://bo.moioi.com/wp-admin/post-new.php" "Mozilla/5.0 (Windows NT 6.1; WOW64) AppleWebKit/537.36 (KHTML, like Gecko) Chrome/37.0.2062.120 Safari/537.36" -
182.115.105.203 - - [17/Sep/2014:21:11:57 +0800] "GET /wp-includes/js/tinymce/plugins/colorpicker/plugin.min.js HTTP/1.1" 200 1222 "http://bo.moioi.com/wp-admin/post-new.php" "Mozilla/5.0 (Windows NT 6.1; WOW64) AppleWebKit/537.36 (KHTML, like Gecko) Chrome/37.0.2062.120 Safari/537.36" -
182.115.105.203 - - [17/Sep/2014:21:11:57 +0800] "GET /wp-includes/js/tinymce/plugins/hr/plugin.min.js HTTP/1.1" 200 322 "http://bo.moioi.com/wp-admin/post-new.php" "Mozilla/5.0 (Windows NT 6.1; WOW64) AppleWebKit/537.36 (KHTML, like Gecko) Chrome/37.0.2062.120 Safari/537.36" -
182.115.105.203 - - [17/Sep/2014:21:11:57 +0800] "GET /wp-includes/js/tinymce/plugins/lists/plugin.min.js HTTP/1.1" 200 7864 "http://bo.moioi.com/wp-admin/post-new.php" "Mozilla/5.0 (Windows NT 6.1; WOW64) AppleWebKit/537.36 (KHTML, like Gecko) Chrome/37.0.2062.120 Safari/537.36" -
182.115.105.203 - - [17/Sep/2014:21:11:57 +0800] "GET /wp-includes/js/tinymce/plugins/media/plugin.min.js HTTP/1.1" 200 9890 "http://bo.moioi.com/wp-admin/post-new.php" "Mozilla/5.0 (Windows NT 6.1; WOW64) AppleWebKit/537.36 (KHTML, like Gecko) Chrome/37.0.2062.120 Safari/537.36" -
182.115.105.203 - - [17/Sep/2014:21:11:57 +0800] "GET /wp-includes/js/tinymce/plugins/paste/plugin.min.js HTTP/1.1" 200 14506 "http://bo.moioi.com/wp-admin/post-new.php" "Mozilla/5.0 (Windows NT 6.1; WOW64) AppleWebKit/537.36 (KHTML, like Gecko) Chrome/37.0.2062.120 Safari/537.36" -
182.115.105.203 - - [17/Sep/2014:21:11:57 +0800] "GET /wp-includes/js/tinymce/plugins/tabfocus/plugin.min.js HTTP/1.1" 200 1300 "http://bo.moioi.com/wp-admin/post-new.php" "Mozilla/5.0 (Windows NT 6.1; WOW64) AppleWebKit/537.36 (KHTML, like Gecko) Chrome/37.0.2062.120 Safari/537.36" -
182.115.105.203 - - [17/Sep/2014:21:11:57 +0800] "GET /wp-includes/js/tinymce/plugins/textcolor/plugin.min.js HTTP/1.1" 200 3696 "http://bo.moioi.com/wp-admin/post-new.php" "Mozilla/5.0 (Windows NT 6.1; WOW64) AppleWebKit/537.36 (KHTML, like Gecko) Chrome/37.0.2062.120 Safari/537.36" -
182.115.105.203 - - [17/Sep/2014:21:11:57 +0800] "GET /wp-includes/js/tinymce/plugins/fullscreen/plugin.min.js HTTP/1.1" 200 1540 "http://bo.moioi.com/wp-admin/post-new.php" "Mozilla/5.0 (Windows NT 6.1; WOW64) AppleWebKit/537.36 (KHTML, like Gecko) Chrome/37.0.2062.120 Safari/537.36" -
182.115.105.203 - - [17/Sep/2014:21:11:57 +0800] "GET /wp-includes/js/tinymce/plugins/wordpress/plugin.min.js HTTP/1.1" 200 8654 "http://bo.moioi.com/wp-admin/post-new.php" "Mozilla/5.0 (Windows NT 6.1; WOW64) AppleWebKit/537.36 (KHTML, like Gecko) Chrome/37.0.2062.120 Safari/537.36" -
182.115.105.203 - - [17/Sep/2014:21:11:58 +0800] "GET /wp-includes/js/tinymce/plugins/wpautoresize/plugin.min.js HTTP/1.1" 200 2341 "http://bo.moioi.com/wp-admin/post-new.php" "Mozilla/5.0 (Windows NT 6.1; WOW64) AppleWebKit/537.36 (KHTML, like Gecko) Chrome/37.0.2062.120 Safari/537.36" -
182.115.105.203 - - [17/Sep/2014:21:11:58 +0800] "GET /wp-includes/js/tinymce/plugins/wpeditimage/plugin.min.js HTTP/1.1" 200 13716 "http://bo.moioi.com/wp-admin/post-new.php" "Mozilla/5.0 (Windows NT 6.1; WOW64) AppleWebKit/537.36 (KHTML, like Gecko) Chrome/37.0.2062.120 Safari/537.36" -
182.115.105.203 - - [17/Sep/2014:21:11:58 +0800] "GET /wp-includes/js/tinymce/plugins/wpgallery/plugin.min.js HTTP/1.1" 200 1622 "http://bo.moioi.com/wp-admin/post-new.php" "Mozilla/5.0 (Windows NT 6.1; WOW64) AppleWebKit/537.36 (KHTML, like Gecko) Chrome/37.0.2062.120 Safari/537.36" -
182.115.105.203 - - [17/Sep/2014:21:11:58 +0800] "GET /wp-includes/js/tinymce/plugins/wplink/plugin.min.js HTTP/1.1" 200 923 "http://bo.moioi.com/wp-admin/post-new.php" "Mozilla/5.0 (Windows NT 6.1; WOW64) AppleWebKit/537.36 (KHTML, like Gecko) Chrome/37.0.2062.120 Safari/537.36" -
182.115.105.203 - - [17/Sep/2014:21:11:58 +0800] "GET /wp-includes/js/tinymce/plugins/wpdialogs/plugin.min.js HTTP/1.1" 200 1345 "http://bo.moioi.com/wp-admin/post-new.php" "Mozilla/5.0 (Windows NT 6.1; WOW64) AppleWebKit/537.36 (KHTML, like Gecko) Chrome/37.0.2062.120 Safari/537.36" -
182.115.105.203 - - [17/Sep/2014:21:11:58 +0800] "GET /wp-includes/js/tinymce/plugins/wpview/plugin.min.js HTTP/1.1" 200 8015 "http://bo.moioi.com/wp-admin/post-new.php" "Mozilla/5.0 (Windows NT 6.1; WOW64) AppleWebKit/537.36 (KHTML, like Gecko) Chrome/37.0.2062.120 Safari/537.36" -
182.115.105.203 - - [17/Sep/2014:21:11:58 +0800] "GET /wp-includes/js/tinymce/plugins/wpfullscreen/plugin.min.js HTTP/1.1" 200 1027 "http://bo.moioi.com/wp-admin/post-new.php" "Mozilla/5.0 (Windows NT 6.1; WOW64) AppleWebKit/537.36 (KHTML, like Gecko) Chrome/37.0.2062.120 Safari/537.36" -
182.115.105.203 - - [17/Sep/2014:21:11:58 +0800] "GET /wp-includes/js/tinymce/skins/lightgray/skin.min.css HTTP/1.1" 200 7482 "http://bo.moioi.com/wp-admin/post-new.php" "Mozilla/5.0 (Windows NT 6.1; WOW64) AppleWebKit/537.36 (KHTML, like Gecko) Chrome/37.0.2062.120 Safari/537.36" -
182.115.105.203 - - [17/Sep/2014:21:11:59 +0800] "GET /wp-content/plugins/tablepress/admin/img/tablepress-editor-button.png HTTP/1.1" 200 4200 "http://bo.moioi.com/wp-admin/post-new.php" "Mozilla/5.0 (Windows NT 6.1; WOW64) AppleWebKit/537.36 (KHTML, like Gecko) Chrome/37.0.2062.120 Safari/537.36" -
182.115.105.203 - - [17/Sep/2014:21:11:59 +0800] "GET /wp-includes/js/tinymce/skins/lightgray/content.min.css HTTP/1.1" 200 624 "http://bo.moioi.com/wp-admin/post-new.php" "Mozilla/5.0 (Windows NT 6.1; WOW64) AppleWebKit/537.36 (KHTML, like Gecko) Chrome/37.0.2062.120 Safari/537.36" -
182.115.105.203 - - [17/Sep/2014:21:11:59 +0800] "GET /wp-includes/js/tinymce/skins/wordpress/wp-content.css?ver=4.0 HTTP/1.1" 200 3282 "http://bo.moioi.com/wp-admin/post-new.php" "Mozilla/5.0 (Windows NT 6.1; WOW64) AppleWebKit/537.36 (KHTML, like Gecko) Chrome/37.0.2062.120 Safari/537.36" -
182.115.105.203 - - [17/Sep/2014:21:11:59 +0800] "GET /wp-includes/js/tinymce/skins/lightgray/fonts/tinymce.woff HTTP/1.1" 200 7664 "http://bo.moioi.com/wp-includes/js/tinymce/skins/lightgray/skin.min.css" "Mozilla/5.0 (Windows NT 6.1; WOW64) AppleWebKit/537.36 (KHTML, like Gecko) Chrome/37.0.2062.120 Safari/537.36" -
182.115.105.203 - - [17/Sep/2014:21:12:15 +0800] "POST /wp-admin/admin-ajax.php HTTP/1.1" 200 157 "http://bo.moioi.com/wp-admin/post-new.php" "Mozilla/5.0 (Windows NT 6.1; WOW64) AppleWebKit/537.36 (KHTML, like Gecko) Chrome/37.0.2062.120 Safari/537.36" -
182.115.105.203 - - [17/Sep/2014:21:12:16 +0800] "POST /wp-admin/admin-ajax.php HTTP/1.1" 200 440 "http://bo.moioi.com/wp-admin/post-new.php" "Mozilla/5.0 (Windows NT 6.1; WOW64) AppleWebKit/537.36 (KHTML, like Gecko) Chrome/37.0.2062.120 Safari/537.36" -
101.226.73.30 - - [17/Sep/2014:21:12:26 +0800] "GET / HTTP/1.1" 200 10251 "-" "DNSPod-Monitor/2.0" -
182.115.105.203 - - [17/Sep/2014:21:12:28 +0800] "POST /wp-admin/admin-ajax.php HTTP/1.1" 200 421 "http://bo.moioi.com/wp-admin/post-new.php" "Mozilla/5.0 (Windows NT 6.1; WOW64) AppleWebKit/537.36 (KHTML, like Gecko) Chrome/37.0.2062.120 Safari/537.36" -
182.115.105.203 - - [17/Sep/2014:21:13:15 +0800] "POST /wp-admin/admin-ajax.php HTTP/1.1" 200 58 "http://bo.moioi.com/wp-admin/post-new.php" "Mozilla/5.0 (Windows NT 6.1; WOW64) AppleWebKit/537.36 (KHTML, like Gecko) Chrome/37.0.2062.120 Safari/537.36" -
66.249.79.91 - - [17/Sep/2014:21:13:17 +0800] "GET /wp-content/uploads/2012/04/huawei-russia.png HTTP/1.1" 200 63336 "-" "Googlebot-Image/1.0" -
120.204.200.21 - - [17/Sep/2014:21:13:50 +0800] "GET / HTTP/1.1" 200 10251 "-" "DNSPod-Monitor/2.0" -
182.115.105.203 - - [17/Sep/2014:21:14:15 +0800] "POST /wp-admin/admin-ajax.php HTTP/1.1" 200 157 "http://bo.moioi.com/wp-admin/post-new.php" "Mozilla/5.0 (Windows NT 6.1; WOW64) AppleWebKit/537.36 (KHTML, like Gecko) Chrome/37.0.2062.120 Safari/537.36" -
112.90.82.139 - - [17/Sep/2014:21:14:38 +0800] "GET / HTTP/1.1" 200 10251 "-" "DNSPod-Monitor/2.0" -
182.115.105.203 - - [17/Sep/2014:21:15:15 +0800] "POST /wp-admin/admin-ajax.php HTTP/1.1" 200 58 "http://bo.moioi.com/wp-admin/post-new.php" "Mozilla/5.0 (Windows NT 6.1; WOW64) AppleWebKit/537.36 (KHTML, like Gecko) Chrome/37.0.2062.120 Safari/537.36" -
180.153.81.158 - - [17/Sep/2014:21:15:27 +0800] "GET / HTTP/1.1" 200 10251 "-" "DNSPod-Monitor/2.0" -
182.115.105.203 - - [17/Sep/2014:21:16:15 +0800] "POST /wp-admin/admin-ajax.php HTTP/1.1" 200 58 "http://bo.moioi.com/wp-admin/post-new.php" "Mozilla/5.0 (Windows NT 6.1; WOW64) AppleWebKit/537.36 (KHTML, like Gecko) Chrome/37.0.2062.120 Safari/537.36" -
183.195.233.188 - - [17/Sep/2014:21:16:52 +0800] "GET / HTTP/1.1" 200 10251 "-" "DNSPod-Monitor/2.0" -
182.115.105.203 - - [17/Sep/2014:21:17:15 +0800] "POST /wp-admin/admin-ajax.php HTTP/1.1" 200 95 "http://bo.moioi.com/wp-admin/post-new.php" "Mozilla/5.0 (Windows NT 6.1; WOW64) AppleWebKit/537.36 (KHTML, like Gecko) Chrome/37.0.2062.120 Safari/537.36" -
112.90.141.121 - - [17/Sep/2014:21:17:39 +0800] "GET / HTTP/1.1" 200 10251 "-" "DNSPod-Monitor/2.0" -
149.174.113.111 - - [17/Sep/2014:21:18:14 +0800] "GET /feed/ HTTP/1.1" 200 60799 "-" "UniversalFeedParser/5.1.3 +https://code.google.com/p/feedparser/" -
106.185.41.6 - - [17/Sep/2014:21:18:15 +0800] "POST /wp-cron.php?doing_wp_cron=1410959895.1853969097137451171875 HTTP/1.0" 200 93 "-" "WordPress/4.0; http://bo.moioi.com" -
182.115.105.203 - - [17/Sep/2014:21:18:16 +0800] "POST /wp-admin/admin-ajax.php HTTP/1.1" 200 58 "http://bo.moioi.com/wp-admin/post-new.php" "Mozilla/5.0 (Windows NT 6.1; WOW64) AppleWebKit/537.36 (KHTML, like Gecko) Chrome/37.0.2062.120 Safari/537.36" -
101.226.73.30 - - [17/Sep/2014:21:18:27 +0800] "GET / HTTP/1.1" 200 10251 "-" "DNSPod-Monitor/2.0" -
106.185.41.6 - - [17/Sep/2014:21:19:15 +0800] "POST /wp-cron.php?doing_wp_cron=1410959955.2086620330810546875000 HTTP/1.0" 200 0 "-" "WordPress/4.0; http://bo.moioi.com" -
182.115.105.203 - - [17/Sep/2014:21:19:15 +0800] "POST /wp-admin/admin-ajax.php HTTP/1.1" 200 157 "http://bo.moioi.com/wp-admin/post-new.php" "Mozilla/5.0 (Windows NT 6.1; WOW64) AppleWebKit/537.36 (KHTML, like Gecko) Chrome/37.0.2062.120 Safari/537.36" -
183.195.233.188 - - [17/Sep/2014:21:19:51 +0800] "GET / HTTP/1.1" 200 10251 "-" "DNSPod-Monitor/2.0" -
106.185.41.6 - - [17/Sep/2014:21:20:15 +0800] "POST /wp-cron.php?doing_wp_cron=1410960015.2046179771423339843750 HTTP/1.0" 200 0 "-" "WordPress/4.0; http://bo.moioi.com" -
182.115.105.203 - - [17/Sep/2014:21:20:15 +0800] "POST /wp-admin/admin-ajax.php HTTP/1.1" 200 58 "http://bo.moioi.com/wp-admin/post-new.php" "Mozilla/5.0 (Windows NT 6.1; WOW64) AppleWebKit/537.36 (KHTML, like Gecko) Chrome/37.0.2062.120 Safari/537.36" -
209.191.189.243 - - [17/Sep/2014:21:20:23 +0800] "GET /?feed=rss2 HTTP/1.1" 301 5 "-" "BlogSearch/2 +http://www.icerocket.com/" -
209.191.189.243 - - [17/Sep/2014:21:20:24 +0800] "GET /feed/ HTTP/1.1" 200 60799 "-" "BlogSearch/2 +http://www.icerocket.com/" -
112.90.82.139 - - [17/Sep/2014:21:20:39 +0800] "GET / HTTP/1.1" 200 10251 "-" "DNSPod-Monitor/2.0" -
110.211.3.18 - - [17/Sep/2014:21:20:59 +0800] "GET /favicon.ico HTTP/1.1" 200 5481 "-" "Mozilla/5.0 (Windows NT 6.1; WOW64; Trident/7.0; rv:11.0; QQBrowser/7.7.26717.400) like Gecko" -
110.211.3.18 - - [17/Sep/2014:21:21:07 +0800] "GET /favicon.ico HTTP/1.1" 200 5481 "-" "Mozilla/5.0 (Windows NT 6.1; WOW64; Trident/7.0; rv:11.0; QQBrowser/7.7.26717.400) like Gecko" -
110.211.3.18 - - [17/Sep/2014:21:21:14 +0800] "GET /favicon.ico HTTP/1.1" 200 5481 "-" "Mozilla/5.0 (Windows NT 6.1; WOW64; Trident/7.0; rv:11.0; QQBrowser/7.7.26717.400) like Gecko" -
182.115.105.203 - - [17/Sep/2014:21:21:16 +0800] "POST /wp-admin/admin-ajax.php HTTP/1.1" 200 157 "http://bo.moioi.com/wp-admin/post-new.php" "Mozilla/5.0 (Windows NT 6.1; WOW64) AppleWebKit/537.36 (KHTML, like Gecko) Chrome/37.0.2062.120 Safari/537.36" -
110.211.3.18 - - [17/Sep/2014:21:21:19 +0800] "GET /favicon.ico HTTP/1.1" 200 5481 "-" "Mozilla/5.0 (Windows NT 6.1; WOW64; Trident/7.0; rv:11.0; QQBrowser/7.7.26717.400) like Gecko" -
180.153.81.158 - - [17/Sep/2014:21:21:28 +0800] "GET / HTTP/1.1" 200 10251 "-" "DNSPod-Monitor/2.0" -
119.124.98.249 - - [17/Sep/2014:21:22:14 +0800] "GET /total-archives/ HTTP/1.1" 200 28421 "http://www.baidu.com/s?ie=utf-8&f=8&rsv_bp=1&tn=baiduhome_pg&wd=vpncup%20807&rsv_enter=1&rsv_sug3=10&rsv_sug4=996&rsv_sug1=1&rsv_sug2=0&inputT=810&rsv_spt=1" "Mozilla/5.0 (Windows NT 5.1; WOW64; rv:32.0) Gecko/20100101 Firefox/32.0" -
119.124.98.249 - - [17/Sep/2014:21:22:15 +0800] "GET /wp-content/themes/k2/style.css HTTP/1.1" 200 8663 "http://bo.moioi.com/total-archives/" "Mozilla/5.0 (Windows NT 5.1; WOW64; rv:32.0) Gecko/20100101 Firefox/32.0" -
119.124.98.249 - - [17/Sep/2014:21:22:15 +0800] "GET /wp-content/themes/k2child-theme/style.css HTTP/1.1" 200 565 "http://bo.moioi.com/total-archives/" "Mozilla/5.0 (Windows NT 5.1; WOW64; rv:32.0) Gecko/20100101 Firefox/32.0" -
119.124.98.249 - - [17/Sep/2014:21:22:15 +0800] "GET /wp-content/plugins/codecolorer/codecolorer.css?ver=0.9.9 HTTP/1.1" 200 2325 "http://bo.moioi.com/total-archives/" "Mozilla/5.0 (Windows NT 5.1; WOW64; rv:32.0) Gecko/20100101 Firefox/32.0" -
119.124.98.249 - - [17/Sep/2014:21:22:15 +0800] "GET /wp-content/themes/k2/js/k2.functions.js?ver=1.0 HTTP/1.1" 200 4765 "http://bo.moioi.com/total-archives/" "Mozilla/5.0 (Windows NT 5.1; WOW64; rv:32.0) Gecko/20100101 Firefox/32.0" -
119.124.98.249 - - [17/Sep/2014:21:22:15 +0800] "GET /wp-includes/js/comment-reply.min.js?ver=3.6.1 HTTP/1.1" 200 757 "http://bo.moioi.com/total-archives/" "Mozilla/5.0 (Windows NT 5.1; WOW64; rv:32.0) Gecko/20100101 Firefox/32.0" -
119.124.98.249 - - [17/Sep/2014:21:22:15 +0800] "GET /wp-includes/js/jquery/jquery-migrate.min.js?ver=1.2.1 HTTP/1.1" 200 7200 "http://bo.moioi.com/total-archives/" "Mozilla/5.0 (Windows NT 5.1; WOW64; rv:32.0) Gecko/20100101 Firefox/32.0" -
182.115.105.203 - - [17/Sep/2014:21:22:15 +0800] "POST /wp-admin/admin-ajax.php HTTP/1.1" 200 58 "http://bo.moioi.com/wp-admin/post-new.php" "Mozilla/5.0 (Windows NT 6.1; WOW64) AppleWebKit/537.36 (KHTML, like Gecko) Chrome/37.0.2062.120 Safari/537.36" -
119.124.98.249 - - [17/Sep/2014:21:22:16 +0800] "GET /wp-includes/js/jquery/jquery.js?ver=1.10.2 HTTP/1.1" 200 95807 "http://bo.moioi.com/total-archives/" "Mozilla/5.0 (Windows NT 5.1; WOW64; rv:32.0) Gecko/20100101 Firefox/32.0" -
119.124.98.249 - - [17/Sep/2014:21:22:16 +0800] "GET /wp-content/plugins/wp-postviews/postviews-cache.js?ver=1.64 HTTP/1.1" 200 133 "http://bo.moioi.com/total-archives/" "Mozilla/5.0 (Windows NT 5.1; WOW64; rv:32.0) Gecko/20100101 Firefox/32.0" -
119.124.98.249 - - [17/Sep/2014:21:22:16 +0800] "GET /wp-content/themes/k2/js/k2.slider.js?ver=1.0 HTTP/1.1" 200 3531 "http://bo.moioi.com/total-archives/" "Mozilla/5.0 (Windows NT 5.1; WOW64; rv:32.0) Gecko/20100101 Firefox/32.0" -
119.124.98.249 - - [17/Sep/2014:21:22:16 +0800] "GET /wp-content/themes/k2/js/k2.trimmer.js?ver=1.0 HTTP/1.1" 200 2260 "http://bo.moioi.com/total-archives/" "Mozilla/5.0 (Windows NT 5.1; WOW64; rv:32.0) Gecko/20100101 Firefox/32.0" -
119.124.98.249 - - [17/Sep/2014:21:22:16 +0800] "GET /wp-content/themes/k2/js/k2.rollingarchives.js?ver=1.0 HTTP/1.1" 200 3573 "http://bo.moioi.com/total-archives/" "Mozilla/5.0 (Windows NT 5.1; WOW64; rv:32.0) Gecko/20100101 Firefox/32.0" -
119.124.98.249 - - [17/Sep/2014:21:22:16 +0800] "GET /wp-content/themes/k2/js/k2.livesearch.js?ver=1.0 HTTP/1.1" 200 3011 "http://bo.moioi.com/total-archives/" "Mozilla/5.0 (Windows NT 5.1; WOW64; rv:32.0) Gecko/20100101 Firefox/32.0" -
119.124.98.249 - - [17/Sep/2014:21:22:16 +0800] "GET /wp-content/uploads/2011/04/maillist.png HTTP/1.1" 200 17224 "http://bo.moioi.com/total-archives/" "Mozilla/5.0 (Windows NT 5.1; WOW64; rv:32.0) Gecko/20100101 Firefox/32.0" -
119.124.98.249 - - [17/Sep/2014:21:22:17 +0800] "GET /wp-admin/admin-ajax.php?postviews_id=2053&action=postviews&_=1410960140087 HTTP/1.1" 200 34 "http://bo.moioi.com/total-archives/" "Mozilla/5.0 (Windows NT 5.1; WOW64; rv:32.0) Gecko/20100101 Firefox/32.0" -
183.195.233.189 - - [17/Sep/2014:21:22:51 +0800] "GET / HTTP/1.1" 200 10251 "-" "DNSPod-Monitor/2.0" -
119.124.98.249 - - [17/Sep/2014:21:23:06 +0800] "GET /2011/vpn-error-code-explanation/ HTTP/1.1" 200 13738 "http://bo.moioi.com/total-archives/" "Mozilla/5.0 (Windows NT 5.1; WOW64; rv:32.0) Gecko/20100101 Firefox/32.0" -
119.124.98.249 - - [17/Sep/2014:21:23:06 +0800] "GET /wp-includes/js/comment-reply.min.js?ver=3.7.1 HTTP/1.1" 200 757 "http://bo.moioi.com/2011/vpn-error-code-explanation/" "Mozilla/5.0 (Windows NT 5.1; WOW64; rv:32.0) Gecko/20100101 Firefox/32.0" -
119.124.98.249 - - [17/Sep/2014:21:23:07 +0800] "GET /wp-content/plugins/wordpress-23-related-posts-plugin/static/thumbs/6.jpg HTTP/1.1" 200 7744 "http://bo.moioi.com/2011/vpn-error-code-explanation/" "Mozilla/5.0 (Windows NT 5.1; WOW64; rv:32.0) Gecko/20100101 Firefox/32.0" -
119.124.98.249 - - [17/Sep/2014:21:23:07 +0800] "GET /wp-content/plugins/wordpress-23-related-posts-plugin/static/thumbs/24.jpg HTTP/1.1" 200 621 "http://bo.moioi.com/2011/vpn-error-code-explanation/" "Mozilla/5.0 (Windows NT 5.1; WOW64; rv:32.0) Gecko/20100101 Firefox/32.0" -
119.124.98.249 - - [17/Sep/2014:21:23:07 +0800] "GET /wp-content/uploads/2012/10/SourceCodeSplash-150x150.png HTTP/1.1" 200 23620 "http://bo.moioi.com/2011/vpn-error-code-explanation/" "Mozilla/5.0 (Windows NT 5.1; WOW64; rv:32.0) Gecko/20100101 Firefox/32.0" -
119.124.98.249 - - [17/Sep/2014:21:23:07 +0800] "GET /wp-content/plugins/wordpress-23-related-posts-plugin/static/thumbs/29.jpg HTTP/1.1" 200 587 "http://bo.moioi.com/2011/vpn-error-code-explanation/" "Mozilla/5.0 (Windows NT 5.1; WOW64; rv:32.0) Gecko/20100101 Firefox/32.0" -
119.124.98.249 - - [17/Sep/2014:21:23:07 +0800] "GET /wp-admin/admin-ajax.php?postviews_id=1021&action=postviews&_=1410960189671 HTTP/1.1" 200 34 "http://bo.moioi.com/2011/vpn-error-code-explanation/" "Mozilla/5.0 (Windows NT 5.1; WOW64; rv:32.0) Gecko/20100101 Firefox/32.0" -
119.124.98.249 - - [17/Sep/2014:21:23:07 +0800] "GET /wp-content/plugins/wordpress-23-related-posts-plugin/static/thumbs/7.jpg HTTP/1.1" 200 620 "http://bo.moioi.com/2011/vpn-error-code-explanation/" "Mozilla/5.0 (Windows NT 5.1; WOW64; rv:32.0) Gecko/20100101 Firefox/32.0" -
65.19.138.33 - - [17/Sep/2014:21:23:10 +0800] "GET /feed/ HTTP/1.1" 200 60799 "-" "Feedly/1.0 (+http://www.feedly.com/fetcher.html; like FeedFetcher-Google)" -
119.124.98.249 - - [17/Sep/2014:21:23:11 +0800] "GET /favicon.ico HTTP/1.1" 200 5481 "-" "Mozilla/5.0 (Windows NT 5.1; WOW64; rv:32.0) Gecko/20100101 Firefox/32.0" -
119.124.98.249 - - [17/Sep/2014:21:23:11 +0800] "GET /2011/vpncup-fail-login-solutions/ HTTP/1.1" 200 12618 "http://bo.moioi.com/total-archives/" "Mozilla/5.0 (Windows NT 5.1; WOW64; rv:32.0) Gecko/20100101 Firefox/32.0" -
119.124.98.249 - - [17/Sep/2014:21:23:12 +0800] "GET /wp-content/plugins/wordpress-23-related-posts-plugin/static/thumbs/18.jpg HTTP/1.1" 200 4241 "http://bo.moioi.com/2011/vpncup-fail-login-solutions/" "Mozilla/5.0 (Windows NT 5.1; WOW64; rv:32.0) Gecko/20100101 Firefox/32.0" -
119.124.98.249 - - [17/Sep/2014:21:23:12 +0800] "GET /wp-content/plugins/wordpress-23-related-posts-plugin/static/thumbs/2.jpg HTTP/1.1" 200 8066 "http://bo.moioi.com/2011/vpncup-fail-login-solutions/" "Mozilla/5.0 (Windows NT 5.1; WOW64; rv:32.0) Gecko/20100101 Firefox/32.0" -
119.124.98.249 - - [17/Sep/2014:21:23:12 +0800] "GET /wp-content/uploads/2013/10/baiduwangpan-150x150.jpg HTTP/1.1" 200 10467 "http://bo.moioi.com/2011/vpncup-fail-login-solutions/" "Mozilla/5.0 (Windows NT 5.1; WOW64; rv:32.0) Gecko/20100101 Firefox/32.0" -
119.124.98.249 - - [17/Sep/2014:21:23:12 +0800] "GET /wp-content/plugins/wordpress-23-related-posts-plugin/static/thumbs/16.jpg HTTP/1.1" 200 7041 "http://bo.moioi.com/2011/vpncup-fail-login-solutions/" "Mozilla/5.0 (Windows NT 5.1; WOW64; rv:32.0) Gecko/20100101 Firefox/32.0" -
119.124.98.249 - - [17/Sep/2014:21:23:13 +0800] "GET /wp-admin/admin-ajax.php?postviews_id=995&action=postviews&_=1410960195322 HTTP/1.1" 200 35 "http://bo.moioi.com/2011/vpncup-fail-login-solutions/" "Mozilla/5.0 (Windows NT 5.1; WOW64; rv:32.0) Gecko/20100101 Firefox/32.0" -
182.115.105.203 - - [17/Sep/2014:21:23:16 +0800] "POST /wp-admin/admin-ajax.php HTTP/1.1" 200 194 "http://bo.moioi.com/wp-admin/post-new.php" "Mozilla/5.0 (Windows NT 6.1; WOW64) AppleWebKit/537.36 (KHTML, like Gecko) Chrome/37.0.2062.120 Safari/537.36" -
119.124.98.249 - - [17/Sep/2014:21:23:17 +0800] "GET /total-archives/ HTTP/1.1" 200 28421 "http://www.baidu.com/s?ie=utf-8&f=8&rsv_bp=1&tn=baiduhome_pg&wd=vpncup%20807&rsv_enter=1&rsv_sug3=10&rsv_sug4=996&rsv_sug1=1&rsv_sug2=0&inputT=810&rsv_spt=1" "Mozilla/5.0 (Windows NT 5.1; WOW64; rv:32.0) Gecko/20100101 Firefox/32.0" -
119.124.98.249 - - [17/Sep/2014:21:23:18 +0800] "GET /wp-admin/admin-ajax.php?postviews_id=2053&action=postviews&_=1410960200756 HTTP/1.1" 200 34 "http://bo.moioi.com/total-archives/" "Mozilla/5.0 (Windows NT 5.1; WOW64; rv:32.0) Gecko/20100101 Firefox/32.0" -
112.90.82.139 - - [17/Sep/2014:21:23:40 +0800] "GET / HTTP/1.1" 200 10251 "-" "DNSPod-Monitor/2.0" -
182.115.105.203 - - [17/Sep/2014:21:24:15 +0800] "POST /wp-admin/admin-ajax.php HTTP/1.1" 200 58 "http://bo.moioi.com/wp-admin/post-new.php" "Mozilla/5.0 (Windows NT 6.1; WOW64) AppleWebKit/537.36 (KHTML, like Gecko) Chrome/37.0.2062.120 Safari/537.36" -
101.226.73.30 - - [17/Sep/2014:21:24:28 +0800] "GET / HTTP/1.1" 200 10251 "-" "DNSPod-Monitor/2.0" -
66.249.79.75 - - [17/Sep/2014:21:25:00 +0800] "GET /tag/%E5%85%B3%E8%81%94%E5%8D%9A%E5%AE%A2/ HTTP/1.1" 200 8996 "-" "Mozilla/5.0 (compatible; Googlebot/2.1; +http://www.google.com/bot.html)" -
182.115.105.203 - - [17/Sep/2014:21:25:16 +0800] "POST /wp-admin/admin-ajax.php HTTP/1.1" 200 157 "http://bo.moioi.com/wp-admin/post-new.php" "Mozilla/5.0 (Windows NT 6.1; WOW64) AppleWebKit/537.36 (KHTML, like Gecko) Chrome/37.0.2062.120 Safari/537.36" -
182.115.105.203 - - [17/Sep/2014:21:25:27 +0800] "GET /wp-includes/images/spinner.gif HTTP/1.1" 200 4203 "http://bo.moioi.com/wp-admin/load-styles.php?c=0&dir=ltr&load=dashicons,admin-bar,wp-admin,buttons,media-views,wp-auth-check&ver=4.0" "Mozilla/5.0 (Windows NT 6.1; WOW64) AppleWebKit/537.36 (KHTML, like Gecko) Chrome/37.0.2062.120 Safari/537.36" -
182.115.105.203 - - [17/Sep/2014:21:25:27 +0800] "POST /wp-admin/admin-ajax.php HTTP/1.1" 200 63733 "http://bo.moioi.com/wp-admin/post-new.php" "Mozilla/5.0 (Windows NT 6.1; WOW64) AppleWebKit/537.36 (KHTML, like Gecko) Chrome/37.0.2062.120 Safari/537.36" -
183.195.233.188 - - [17/Sep/2014:21:25:52 +0800] "GET / HTTP/1.1" 200 10251 "-" "DNSPod-Monitor/2.0" -
182.115.105.203 - - [17/Sep/2014:21:26:15 +0800] "GET /wp-content/uploads/2014/09/zan_imac-285x240.png HTTP/1.1" 200 59748 "http://bo.moioi.com/wp-admin/post-new.php" "Mozilla/5.0 (Windows NT 6.1; WOW64) AppleWebKit/537.36 (KHTML, like Gecko) Chrome/37.0.2062.120 Safari/537.36" -
182.115.105.203 - - [17/Sep/2014:21:26:15 +0800] "GET /wp-content/uploads/2014/08/c058f544c737782deacefa532d9add4c.Shadowsocks-iOS1-137x240.png HTTP/1.1" 200 19764 "http://bo.moioi.com/wp-admin/post-new.php" "Mozilla/5.0 (Windows NT 6.1; WOW64) AppleWebKit/537.36 (KHTML, like Gecko) Chrome/37.0.2062.120 Safari/537.36" -
182.115.105.203 - - [17/Sep/2014:21:26:15 +0800] "GET /wp-content/uploads/2014/08/1ff8a7b5dc7a7d1f0ed65aaa29c04b1e.Shadowsocks-iOS-Jail1-135x240.jpg HTTP/1.1" 200 7762 "http://bo.moioi.com/wp-admin/post-new.php" "Mozilla/5.0 (Windows NT 6.1; WOW64) AppleWebKit/537.36 (KHTML, like Gecko) Chrome/37.0.2062.120 Safari/537.36" -
182.115.105.203 - - [17/Sep/2014:21:26:16 +0800] "POST /wp-admin/admin-ajax.php HTTP/1.1" 200 58 "http://bo.moioi.com/wp-admin/post-new.php" "Mozilla/5.0 (Windows NT 6.1; WOW64) AppleWebKit/537.36 (KHTML, like Gecko) Chrome/37.0.2062.120 Safari/537.36" -
182.115.105.203 - - [17/Sep/2014:21:26:16 +0800] "GET /wp-content/uploads/2014/08/7380ad8a673226ae47fce7bff88e9c33.Shadowsocks-Android1-134x240.jpg HTTP/1.1" 200 7714 "http://bo.moioi.com/wp-admin/post-new.php" "Mozilla/5.0 (Windows NT 6.1; WOW64) AppleWebKit/537.36 (KHTML, like Gecko) Chrome/37.0.2062.120 Safari/537.36" -
182.115.105.203 - - [17/Sep/2014:21:26:16 +0800] "GET /wp-content/uploads/2014/08/9c838d2e45b2ad1094d42f4ef36764f6.AutoProxy-Works1.jpg HTTP/1.1" 200 2096 "http://bo.moioi.com/wp-admin/post-new.php" "Mozilla/5.0 (Windows NT 6.1; WOW64) AppleWebKit/537.36 (KHTML, like Gecko) Chrome/37.0.2062.120 Safari/537.36" -
182.115.105.203 - - [17/Sep/2014:21:26:16 +0800] "GET /wp-includes/images/uploader-icons.png HTTP/1.1" 200 1556 "http://bo.moioi.com/wp-admin/load-styles.php?c=0&dir=ltr&load=dashicons,admin-bar,wp-admin,buttons,media-views,wp-auth-check&ver=4.0" "Mozilla/5.0 (Windows NT 6.1; WOW64) AppleWebKit/537.36 (KHTML, like Gecko) Chrome/37.0.2062.120 Safari/537.36" -
182.115.105.203 - - [17/Sep/2014:21:26:16 +0800] "GET /wp-content/uploads/2014/08/6f3ef77ac0e3619e98159e9b6febf557.AutoProxy-Add-List-21-331x240.jpg HTTP/1.1" 200 15196 "http://bo.moioi.com/wp-admin/post-new.php" "Mozilla/5.0 (Windows NT 6.1; WOW64) AppleWebKit/537.36 (KHTML, like Gecko) Chrome/37.0.2062.120 Safari/537.36" -
182.115.105.203 - - [17/Sep/2014:21:26:16 +0800] "GET /wp-content/uploads/2014/08/c058f544c737782deacefa532d9add4c.Shadowsocks-iOS-137x240.png HTTP/1.1" 200 19764 "http://bo.moioi.com/wp-admin/post-new.php" "Mozilla/5.0 (Windows NT 6.1; WOW64) AppleWebKit/537.36 (KHTML, like Gecko) Chrome/37.0.2062.120 Safari/537.36" -
182.115.105.203 - - [17/Sep/2014:21:26:16 +0800] "GET /wp-content/uploads/2014/09/duomeng-400x202.png HTTP/1.1" 200 82858 "http://bo.moioi.com/wp-admin/post-new.php" "Mozilla/5.0 (Windows NT 6.1; WOW64) AppleWebKit/537.36 (KHTML, like Gecko) Chrome/37.0.2062.120 Safari/537.36" -
182.115.105.203 - - [17/Sep/2014:21:26:16 +0800] "GET /wp-content/uploads/2014/08/07a96b1f61097ccb54be14d6a47439b0.SwitchySharps-Option1-326x240.jpg HTTP/1.1" 200 15690 "http://bo.moioi.com/wp-admin/post-new.php" "Mozilla/5.0 (Windows NT 6.1; WOW64) AppleWebKit/537.36 (KHTML, like Gecko) Chrome/37.0.2062.120 Safari/537.36" -
182.115.105.203 - - [17/Sep/2014:21:26:16 +0800] "GET /wp-content/uploads/2014/08/48ab2f9b45957ab574cf005eb8a76760.AutoProxy-Works-21.jpg HTTP/1.1" 200 1115 "http://bo.moioi.com/wp-admin/post-new.php" "Mozilla/5.0 (Windows NT 6.1; WOW64) AppleWebKit/537.36 (KHTML, like Gecko) Chrome/37.0.2062.120 Safari/537.36" -
182.115.105.203 - - [17/Sep/2014:21:26:16 +0800] "GET /wp-content/uploads/2014/08/28f0b864598a1291557bed248a998d4e.AutoProxy-Edit-Proxy-Server1-267x240.jpg HTTP/1.1" 200 24401 "http://bo.moioi.com/wp-admin/post-new.php" "Mozilla/5.0 (Windows NT 6.1; WOW64) AppleWebKit/537.36 (KHTML, like Gecko) Chrome/37.0.2062.120 Safari/537.36" -
182.115.105.203 - - [17/Sep/2014:21:26:17 +0800] "GET /wp-content/uploads/2014/08/2823f4797102ce1a1aec05359cc16dd9.AutoProxy-Choose-Proxy-Server1-315x240.jpg HTTP/1.1" 200 22474 "http://bo.moioi.com/wp-admin/post-new.php" "Mozilla/5.0 (Windows NT 6.1; WOW64) AppleWebKit/537.36 (KHTML, like Gecko) Chrome/37.0.2062.120 Safari/537.36" -
182.115.105.203 - - [17/Sep/2014:21:26:17 +0800] "GET /wp-content/uploads/2014/08/1ff8a7b5dc7a7d1f0ed65aaa29c04b1e.Shadowsocks-iOS-Jail-135x240.jpg HTTP/1.1" 200 7762 "http://bo.moioi.com/wp-admin/post-new.php" "Mozilla/5.0 (Windows NT 6.1; WOW64) AppleWebKit/537.36 (KHTML, like Gecko) Chrome/37.0.2062.120 Safari/537.36" -
182.115.105.203 - - [17/Sep/2014:21:26:17 +0800] "GET /wp-content/uploads/2014/08/7a614fd06c325499f1680b9896beedeb.AutoProxy-Add-List1.jpg HTTP/1.1" 200 29272 "http://bo.moioi.com/wp-admin/post-new.php" "Mozilla/5.0 (Windows NT 6.1; WOW64) AppleWebKit/537.36 (KHTML, like Gecko) Chrome/37.0.2062.120 Safari/537.36" -
182.115.105.203 - - [17/Sep/2014:21:26:17 +0800] "GET /wp-content/uploads/2014/08/ec5aa0b7846082a2415f0902f0da88f2.AutoProxy-Menu1.jpg HTTP/1.1" 200 30931 "http://bo.moioi.com/wp-admin/post-new.php" "Mozilla/5.0 (Windows NT 6.1; WOW64) AppleWebKit/537.36 (KHTML, like Gecko) Chrome/37.0.2062.120 Safari/537.36" -
182.115.105.203 - - [17/Sep/2014:21:26:17 +0800] "GET /wp-content/uploads/2014/08/cf004fdc76fa1a4f25f62e0eb5261ca3.Shadowsocks-GUI-Mac-Screenshot1-280x240.png HTTP/1.1" 200 25129 "http://bo.moioi.com/wp-admin/post-new.php" "Mozilla/5.0 (Windows NT 6.1; WOW64) AppleWebKit/537.36 (KHTML, like Gecko) Chrome/37.0.2062.120 Safari/537.36" -
182.115.105.203 - - [17/Sep/2014:21:26:17 +0800] "GET /wp-content/uploads/2014/08/48aedb8880cab8c45637abc7493ecddd.Shadowsocks-GUI-Mac-Menu1-202x240.png HTTP/1.1" 200 43478 "http://bo.moioi.com/wp-admin/post-new.php" "Mozilla/5.0 (Windows NT 6.1; WOW64) AppleWebKit/537.36 (KHTML, like Gecko) Chrome/37.0.2062.120 Safari/537.36" -
182.115.105.203 - - [17/Sep/2014:21:26:17 +0800] "GET /wp-content/uploads/2014/08/7380ad8a673226ae47fce7bff88e9c33.Shadowsocks-Android-134x240.jpg HTTP/1.1" 200 7714 "http://bo.moioi.com/wp-admin/post-new.php" "Mozilla/5.0 (Windows NT 6.1; WOW64) AppleWebKit/537.36 (KHTML, like Gecko) Chrome/37.0.2062.120 Safari/537.36" -
182.115.105.203 - - [17/Sep/2014:21:26:18 +0800] "GET /wp-content/uploads/2014/08/389bc7bb1e1c2a5e7e147703232a88f6.SwitchySharps-Choose-Rules1-400x233.jpg HTTP/1.1" 200 21918 "http://bo.moioi.com/wp-admin/post-new.php" "Mozilla/5.0 (Windows NT 6.1; WOW64) AppleWebKit/537.36 (KHTML, like Gecko) Chrome/37.0.2062.120 Safari/537.36" -
182.115.105.203 - - [17/Sep/2014:21:26:18 +0800] "GET /wp-content/uploads/2014/08/d86ea612dec96096c5e0fcc8dd42ab6d.Shadowssocks-Windows-GUI1-253x240.jpg HTTP/1.1" 200 14072 "http://bo.moioi.com/wp-admin/post-new.php" "Mozilla/5.0 (Windows NT 6.1; WOW64) AppleWebKit/537.36 (KHTML, like Gecko) Chrome/37.0.2062.120 Safari/537.36" -
182.115.105.203 - - [17/Sep/2014:21:26:18 +0800] "GET /wp-content/uploads/2014/08/48ab2f9b45957ab574cf005eb8a76760.AutoProxy-Works-2.jpg HTTP/1.1" 200 1115 "http://bo.moioi.com/wp-admin/post-new.php" "Mozilla/5.0 (Windows NT 6.1; WOW64) AppleWebKit/537.36 (KHTML, like Gecko) Chrome/37.0.2062.120 Safari/537.36" -
182.115.105.203 - - [17/Sep/2014:21:26:18 +0800] "GET /wp-content/uploads/2014/08/9c838d2e45b2ad1094d42f4ef36764f6.AutoProxy-Works.jpg HTTP/1.1" 200 2096 "http://bo.moioi.com/wp-admin/post-new.php" "Mozilla/5.0 (Windows NT 6.1; WOW64) AppleWebKit/537.36 (KHTML, like Gecko) Chrome/37.0.2062.120 Safari/537.36" -
182.115.105.203 - - [17/Sep/2014:21:26:18 +0800] "GET /wp-content/uploads/2014/08/6f3ef77ac0e3619e98159e9b6febf557.AutoProxy-Add-List-2-331x240.jpg HTTP/1.1" 200 15196 "http://bo.moioi.com/wp-admin/post-new.php" "Mozilla/5.0 (Windows NT 6.1; WOW64) AppleWebKit/537.36 (KHTML, like Gecko) Chrome/37.0.2062.120 Safari/537.36" -
182.115.105.203 - - [17/Sep/2014:21:26:18 +0800] "GET /wp-content/uploads/2014/08/7a614fd06c325499f1680b9896beedeb.AutoProxy-Add-List.jpg HTTP/1.1" 200 29272 "http://bo.moioi.com/wp-admin/post-new.php" "Mozilla/5.0 (Windows NT 6.1; WOW64) AppleWebKit/537.36 (KHTML, like Gecko) Chrome/37.0.2062.120 Safari/537.36" -
182.115.105.203 - - [17/Sep/2014:21:26:18 +0800] "GET /wp-content/uploads/2014/08/28f0b864598a1291557bed248a998d4e.AutoProxy-Edit-Proxy-Server-267x240.jpg HTTP/1.1" 200 24401 "http://bo.moioi.com/wp-admin/post-new.php" "Mozilla/5.0 (Windows NT 6.1; WOW64) AppleWebKit/537.36 (KHTML, like Gecko) Chrome/37.0.2062.120 Safari/537.36" -
182.115.105.203 - - [17/Sep/2014:21:26:18 +0800] "GET /wp-content/uploads/2014/08/2823f4797102ce1a1aec05359cc16dd9.AutoProxy-Choose-Proxy-Server-315x240.jpg HTTP/1.1" 200 22474 "http://bo.moioi.com/wp-admin/post-new.php" "Mozilla/5.0 (Windows NT 6.1; WOW64) AppleWebKit/537.36 (KHTML, like Gecko) Chrome/37.0.2062.120 Safari/537.36" -
182.115.105.203 - - [17/Sep/2014:21:26:18 +0800] "GET /wp-content/uploads/2014/08/ec5aa0b7846082a2415f0902f0da88f2.AutoProxy-Menu.jpg HTTP/1.1" 200 30931 "http://bo.moioi.com/wp-admin/post-new.php" "Mozilla/5.0 (Windows NT 6.1; WOW64) AppleWebKit/537.36 (KHTML, like Gecko) Chrome/37.0.2062.120 Safari/537.36" -
182.115.105.203 - - [17/Sep/2014:21:26:18 +0800] "GET /wp-content/uploads/2014/08/389bc7bb1e1c2a5e7e147703232a88f6.SwitchySharps-Choose-Rules-400x233.jpg HTTP/1.1" 200 21918 "http://bo.moioi.com/wp-admin/post-new.php" "Mozilla/5.0 (Windows NT 6.1; WOW64) AppleWebKit/537.36 (KHTML, like Gecko) Chrome/37.0.2062.120 Safari/537.36" -
182.115.105.203 - - [17/Sep/2014:21:26:19 +0800] "GET /wp-content/uploads/2014/08/07a96b1f61097ccb54be14d6a47439b0.SwitchySharps-Option-326x240.jpg HTTP/1.1" 200 15690 "http://bo.moioi.com/wp-admin/post-new.php" "Mozilla/5.0 (Windows NT 6.1; WOW64) AppleWebKit/537.36 (KHTML, like Gecko) Chrome/37.0.2062.120 Safari/537.36" -
182.115.105.203 - - [17/Sep/2014:21:26:19 +0800] "GET /wp-content/uploads/2014/08/d86ea612dec96096c5e0fcc8dd42ab6d.Shadowssocks-Windows-GUI-253x240.jpg HTTP/1.1" 200 14072 "http://bo.moioi.com/wp-admin/post-new.php" "Mozilla/5.0 (Windows NT 6.1; WOW64) AppleWebKit/537.36 (KHTML, like Gecko) Chrome/37.0.2062.120 Safari/537.36" -
182.115.105.203 - - [17/Sep/2014:21:26:19 +0800] "GET /wp-content/uploads/2014/08/cf004fdc76fa1a4f25f62e0eb5261ca3.Shadowsocks-GUI-Mac-Screenshot-280x240.png HTTP/1.1" 200 25129 "http://bo.moioi.com/wp-admin/post-new.php" "Mozilla/5.0 (Windows NT 6.1; WOW64) AppleWebKit/537.36 (KHTML, like Gecko) Chrome/37.0.2062.120 Safari/537.36" -
182.115.105.203 - - [17/Sep/2014:21:26:19 +0800] "GET /wp-content/uploads/2014/08/48aedb8880cab8c45637abc7493ecddd.Shadowsocks-GUI-Mac-Menu-202x240.png HTTP/1.1" 200 43478 "http://bo.moioi.com/wp-admin/post-new.php" "Mozilla/5.0 (Windows NT 6.1; WOW64) AppleWebKit/537.36 (KHTML, like Gecko) Chrome/37.0.2062.120 Safari/537.36" -
182.115.105.203 - - [17/Sep/2014:21:26:19 +0800] "GET /wp-content/uploads/2014/04/20120307131707481-300x109.jpg HTTP/1.1" 200 9006 "http://bo.moioi.com/wp-admin/post-new.php" "Mozilla/5.0 (Windows NT 6.1; WOW64) AppleWebKit/537.36 (KHTML, like Gecko) Chrome/37.0.2062.120 Safari/537.36" -
182.115.105.203 - - [17/Sep/2014:21:26:19 +0800] "GET /wp-content/uploads/2014/04/20120307114740691-300x284.jpg HTTP/1.1" 200 23111 "http://bo.moioi.com/wp-admin/post-new.php" "Mozilla/5.0 (Windows NT 6.1; WOW64) AppleWebKit/537.36 (KHTML, like Gecko) Chrome/37.0.2062.120 Safari/537.36" -
182.115.105.203 - - [17/Sep/2014:21:26:19 +0800] "GET /wp-content/uploads/2014/04/20120307132823171-300x138.jpg HTTP/1.1" 200 12025 "http://bo.moioi.com/wp-admin/post-new.php" "Mozilla/5.0 (Windows NT 6.1; WOW64) AppleWebKit/537.36 (KHTML, like Gecko) Chrome/37.0.2062.120 Safari/537.36" -
182.115.105.203 - - [17/Sep/2014:21:26:19 +0800] "GET /wp-content/uploads/2014/04/20120307110545571-300x160.jpg HTTP/1.1" 200 15349 "http://bo.moioi.com/wp-admin/post-new.php" "Mozilla/5.0 (Windows NT 6.1; WOW64) AppleWebKit/537.36 (KHTML, like Gecko) Chrome/37.0.2062.120 Safari/537.36" -
182.115.105.203 - - [17/Sep/2014:21:26:19 +0800] "GET /wp-content/uploads/2014/04/20120307110009741-300x48.png HTTP/1.1" 200 9586 "http://bo.moioi.com/wp-admin/post-new.php" "Mozilla/5.0 (Windows NT 6.1; WOW64) AppleWebKit/537.36 (KHTML, like Gecko) Chrome/37.0.2062.120 Safari/537.36" -
182.115.105.203 - - [17/Sep/2014:21:26:19 +0800] "GET /wp-content/uploads/2014/04/20120307102601941-293x300.png HTTP/1.1" 200 60561 "http://bo.moioi.com/wp-admin/post-new.php" "Mozilla/5.0 (Windows NT 6.1; WOW64) AppleWebKit/537.36 (KHTML, like Gecko) Chrome/37.0.2062.120 Safari/537.36" -
182.115.105.203 - - [17/Sep/2014:21:26:20 +0800] "GET /wp-content/uploads/2014/04/20120307105915311-300x113.png HTTP/1.1" 200 33361 "http://bo.moioi.com/wp-admin/post-new.php" "Mozilla/5.0 (Windows NT 6.1; WOW64) AppleWebKit/537.36 (KHTML, like Gecko) Chrome/37.0.2062.120 Safari/537.36" -
182.115.105.203 - - [17/Sep/2014:21:26:20 +0800] "POST /wp-admin/async-upload.php HTTP/1.1" 200 670 "http://bo.moioi.com/wp-admin/post-new.php" "Mozilla/5.0 (Windows NT 6.1; WOW64) AppleWebKit/537.36 (KHTML, like Gecko) Chrome/37.0.2062.120 Safari/537.36" -
182.115.105.203 - - [17/Sep/2014:21:26:20 +0800] "GET /wp-content/uploads/2014/04/20120307105712421-300x170.png HTTP/1.1" 200 37541 "http://bo.moioi.com/wp-admin/post-new.php" "Mozilla/5.0 (Windows NT 6.1; WOW64) AppleWebKit/537.36 (KHTML, like Gecko) Chrome/37.0.2062.120 Safari/537.36" -
182.115.105.203 - - [17/Sep/2014:21:26:21 +0800] "GET /wp-content/uploads/2014/09/1-304x240.png HTTP/1.1" 200 54666 "http://bo.moioi.com/wp-admin/post-new.php" "Mozilla/5.0 (Windows NT 6.1; WOW64) AppleWebKit/537.36 (KHTML, like Gecko) Chrome/37.0.2062.120 Safari/537.36" -
182.115.105.203 - - [17/Sep/2014:21:26:31 +0800] "POST /wp-admin/admin-ajax.php HTTP/1.1" 200 27 "http://bo.moioi.com/wp-admin/post-new.php" "Mozilla/5.0 (Windows NT 6.1; WOW64) AppleWebKit/537.36 (KHTML, like Gecko) Chrome/37.0.2062.120 Safari/537.36" -
182.115.105.203 - - [17/Sep/2014:21:26:32 +0800] "POST /wp-admin/admin-ajax.php HTTP/1.1" 200 321 "http://bo.moioi.com/wp-admin/post-new.php" "Mozilla/5.0 (Windows NT 6.1; WOW64) AppleWebKit/537.36 (KHTML, like Gecko) Chrome/37.0.2062.120 Safari/537.36" -
182.115.105.203 - - [17/Sep/2014:21:26:33 +0800] "GET /wp-content/uploads/2014/09/1.png HTTP/1.1" 200 129799 "http://bo.moioi.com/wp-admin/post-new.php" "Mozilla/5.0 (Windows NT 6.1; WOW64) AppleWebKit/537.36 (KHTML, like Gecko) Chrome/37.0.2062.120 Safari/537.36" -
112.90.82.139 - - [17/Sep/2014:21:26:40 +0800] "GET / HTTP/1.1" 200 10251 "-" "DNSPod-Monitor/2.0" -
182.115.105.203 - - [17/Sep/2014:21:26:41 +0800] "GET /wp-content/uploads/2014/09/1-570x450.png HTTP/1.1" 200 186675 "http://bo.moioi.com/wp-admin/post-new.php" "Mozilla/5.0 (Windows NT 6.1; WOW64) AppleWebKit/537.36 (KHTML, like Gecko) Chrome/37.0.2062.120 Safari/537.36" -
182.115.105.203 - - [17/Sep/2014:21:26:50 +0800] "GET /wp-includes/js/tinymce/skins/wordpress/images/more.png HTTP/1.1" 200 461 "http://bo.moioi.com/wp-includes/js/tinymce/skins/wordpress/wp-content.css?ver=4.0" "Mozilla/5.0 (Windows NT 6.1; WOW64) AppleWebKit/537.36 (KHTML, like Gecko) Chrome/37.0.2062.120 Safari/537.36" -
59.66.72.25 - - [17/Sep/2014:21:26:54 +0800] "GET /2011/tianya-shuju-kz-xiazai/?replytocom=2291 HTTP/1.1" 499 0 "http://www.baidu.com/s?wd=%E5%A4%A9%E6%B6%AF%204000w.rar&pn=10&oq=%E5%A4%A9%E6%B6%AF%204000w.rar&tn=baiduhome_pg&ie=utf-8&f=1&rsv_page=1&rsv_bp=1" "Mozilla/5.0 (Windows NT 6.1; WOW64) AppleWebKit/537.36 (KHTML, like Gecko) Chrome/36.0.1985.143 Safari/537.36" -
182.115.105.203 - - [17/Sep/2014:21:27:16 +0800] "POST /wp-admin/admin-ajax.php HTTP/1.1" 200 157 "http://bo.moioi.com/wp-admin/post-new.php" "Mozilla/5.0 (Windows NT 6.1; WOW64) AppleWebKit/537.36 (KHTML, like Gecko) Chrome/37.0.2062.120 Safari/537.36" -
180.153.81.158 - - [17/Sep/2014:21:27:29 +0800] "GET / HTTP/1.1" 200 10251 "-" "DNSPod-Monitor/2.0" -
182.115.105.203 - - [17/Sep/2014:21:27:33 +0800] "GET /wp-admin/admin-ajax.php?action=ajax-tag-search&tax=post_tag&q=Rs HTTP/1.1" 200 112 "http://bo.moioi.com/wp-admin/post-new.php" "Mozilla/5.0 (Windows NT 6.1; WOW64) AppleWebKit/537.36 (KHTML, like Gecko) Chrome/37.0.2062.120 Safari/537.36" -
182.115.105.203 - - [17/Sep/2014:21:27:34 +0800] "GET /wp-admin/admin-ajax.php?action=ajax-tag-search&tax=post_tag&q=RSS HTTP/1.1" 200 44 "http://bo.moioi.com/wp-admin/post-new.php" "Mozilla/5.0 (Windows NT 6.1; WOW64) AppleWebKit/537.36 (KHTML, like Gecko) Chrome/37.0.2062.120 Safari/537.36" -
182.115.105.203 - - [17/Sep/2014:21:27:35 +0800] "GET /wp-admin/admin-ajax.php?action=ajax-tag-search&tax=post_tag&q=RSS HTTP/1.1" 200 44 "http://bo.moioi.com/wp-admin/post-new.php" "Mozilla/5.0 (Windows NT 6.1; WOW64) AppleWebKit/537.36 (KHTML, like Gecko) Chrome/37.0.2062.120 Safari/537.36" -
182.115.105.203 - - [17/Sep/2014:21:27:39 +0800] "GET /wp-admin/admin-ajax.php?action=ajax-tag-search&tax=post_tag&q=RSS%E9%98%85%E8%AF%BB%E5%99%A8 HTTP/1.1" 200 31 "http://bo.moioi.com/wp-admin/post-new.php" "Mozilla/5.0 (Windows NT 6.1; WOW64) AppleWebKit/537.36 (KHTML, like Gecko) Chrome/37.0.2062.120 Safari/537.36" -
182.115.105.203 - - [17/Sep/2014:21:27:43 +0800] "POST /wp-admin/admin-ajax.php HTTP/1.1" 200 63971 "http://bo.moioi.com/wp-admin/post-new.php" "Mozilla/5.0 (Windows NT 6.1; WOW64) AppleWebKit/537.36 (KHTML, like Gecko) Chrome/37.0.2062.120 Safari/537.36" -
182.115.105.203 - - [17/Sep/2014:21:27:45 +0800] "POST /wp-admin/admin-ajax.php HTTP/1.1" 200 51144 "http://bo.moioi.com/wp-admin/post-new.php" "Mozilla/5.0 (Windows NT 6.1; WOW64) AppleWebKit/537.36 (KHTML, like Gecko) Chrome/37.0.2062.120 Safari/537.36" -
182.115.105.203 - - [17/Sep/2014:21:27:46 +0800] "GET /wp-content/uploads/2014/04/20120307102155251-300x262.png HTTP/1.1" 200 73925 "http://bo.moioi.com/wp-admin/post-new.php" "Mozilla/5.0 (Windows NT 6.1; WOW64) AppleWebKit/537.36 (KHTML, like Gecko) Chrome/37.0.2062.120 Safari/537.36" -
182.115.105.203 - - [17/Sep/2014:21:27:46 +0800] "GET /wp-content/uploads/2014/04/2012030713170748-300x109.jpg HTTP/1.1" 200 9006 "http://bo.moioi.com/wp-admin/post-new.php" "Mozilla/5.0 (Windows NT 6.1; WOW64) AppleWebKit/537.36 (KHTML, like Gecko) Chrome/37.0.2062.120 Safari/537.36" -
182.115.105.203 - - [17/Sep/2014:21:27:46 +0800] "GET /wp-content/uploads/2014/04/2012030711474069-300x284.jpg HTTP/1.1" 200 23111 "http://bo.moioi.com/wp-admin/post-new.php" "Mozilla/5.0 (Windows NT 6.1; WOW64) AppleWebKit/537.36 (KHTML, like Gecko) Chrome/37.0.2062.120 Safari/537.36" -
182.115.105.203 - - [17/Sep/2014:21:27:46 +0800] "GET /wp-content/uploads/2014/04/2012030713282317-300x138.jpg HTTP/1.1" 200 12025 "http://bo.moioi.com/wp-admin/post-new.php" "Mozilla/5.0 (Windows NT 6.1; WOW64) AppleWebKit/537.36 (KHTML, like Gecko) Chrome/37.0.2062.120 Safari/537.36" -
182.115.105.203 - - [17/Sep/2014:21:27:46 +0800] "GET /wp-content/uploads/2014/04/2012030711054557-300x160.jpg HTTP/1.1" 200 15349 "http://bo.moioi.com/wp-admin/post-new.php" "Mozilla/5.0 (Windows NT 6.1; WOW64) AppleWebKit/537.36 (KHTML, like Gecko) Chrome/37.0.2062.120 Safari/537.36" -
182.115.105.203 - - [17/Sep/2014:21:27:46 +0800] "GET /wp-content/uploads/2014/04/2012030711000974-300x48.png HTTP/1.1" 200 9586 "http://bo.moioi.com/wp-admin/post-new.php" "Mozilla/5.0 (Windows NT 6.1; WOW64) AppleWebKit/537.36 (KHTML, like Gecko) Chrome/37.0.2062.120 Safari/537.36" -
182.115.105.203 - - [17/Sep/2014:21:27:46 +0800] "GET /wp-content/uploads/2014/04/2012030710571242-300x170.png HTTP/1.1" 200 37541 "http://bo.moioi.com/wp-admin/post-new.php" "Mozilla/5.0 (Windows NT 6.1; WOW64) AppleWebKit/537.36 (KHTML, like Gecko) Chrome/37.0.2062.120 Safari/537.36" -
182.115.105.203 - - [17/Sep/2014:21:27:47 +0800] "GET /wp-content/uploads/2014/04/2012030710591531-300x113.png HTTP/1.1" 200 33361 "http://bo.moioi.com/wp-admin/post-new.php" "Mozilla/5.0 (Windows NT 6.1; WOW64) AppleWebKit/537.36 (KHTML, like Gecko) Chrome/37.0.2062.120 Safari/537.36" -
182.115.105.203 - - [17/Sep/2014:21:27:47 +0800] "GET /wp-content/uploads/2014/04/12.99_ssl_125x125.gif HTTP/1.1" 200 16535 "http://bo.moioi.com/wp-admin/post-new.php" "Mozilla/5.0 (Windows NT 6.1; WOW64) AppleWebKit/537.36 (KHTML, like Gecko) Chrome/37.0.2062.120 Safari/537.36" -
182.115.105.203 - - [17/Sep/2014:21:27:47 +0800] "GET /wp-content/uploads/2014/04/bh_120x120_021.gif HTTP/1.1" 200 8253 "http://bo.moioi.com/wp-admin/post-new.php" "Mozilla/5.0 (Windows NT 6.1; WOW64) AppleWebKit/537.36 (KHTML, like Gecko) Chrome/37.0.2062.120 Safari/537.36" -
182.115.105.203 - - [17/Sep/2014:21:27:47 +0800] "GET /wp-content/uploads/2014/04/2012030710260194-293x300.png HTTP/1.1" 200 60561 "http://bo.moioi.com/wp-admin/post-new.php" "Mozilla/5.0 (Windows NT 6.1; WOW64) AppleWebKit/537.36 (KHTML, like Gecko) Chrome/37.0.2062.120 Safari/537.36" -
